<?xml version="1.0" encoding="ISO-8859-1" ?>
<link_info>
   <banner>TI ARM Clang Linker PC v4.0.4.LTS</banner>
   <copyright>Copyright (c) 1996-2018 Texas Instruments Incorporated</copyright>
   <command_line>C:\TI\ccs2040\ccs\tools\compiler\ti-cgt-armllvm_4.0.4.LTS\bin\tiarmlnk -IC:\TI\ccs2040\ccs\tools\compiler\ti-cgt-armllvm_4.0.4.LTS\lib -o ECE319K_Lab9H.out -mECE319K_Lab9H.map --heap_size=512 --stack_size=512 -iC:/Users/ronit/Desktop/School Work/Spring 26/ECE 319H/MSPM0_Valvanoware/ECE319K_Lab9H/Debug/syscfg -iC:/TI/ccs2040/ccs/tools/compiler/ti-cgt-armllvm_4.0.4.LTS/lib --diag_wrap=off --display_error_number --warn_sections --xml_link_info=ECE319K_Lab9H_linkInfo.xml --rom_model ./Clock.o ./DAC5.o ./Game.o ./Images.o ./LED.o ./Lab9HMain.o ./Language.o ./LaunchPad.o ./SPI.o ./ST7735.o ./SlidePot.o ./SmallFont.o ./Sound.o ./Sounds.o ./Switch.o ./TExaS.o ./Timer.o ./globals.o ./temp.o ./images/pipedreams/PipeSound.o ./ticlang/startup_mspm0g3507_ticlang.o ../mspm0g3507.cmd -lC:/TI/mspm0_sdk_2_09_00_01/source/ti/driverlib/lib/ticlang/m0p/mspm0g1x0x_g3x0x/driverlib.a -llibc.a --start-group -llibc++.a -llibc++abi.a -llibc.a -llibsys.a -llibsysbm.a -llibclang_rt.builtins.a -llibclang_rt.profile.a --end-group --cg_opt_level=0</command_line>
   <link_time>0x69e785c0</link_time>
   <link_errors>0x0</link_errors>
   <output_file>C:\Users\ronit\Desktop\School Work\Spring 26\ECE 319H\MSPM0_Valvanoware\ECE319K_Lab9H\Debug\ECE319K_Lab9H.out</output_file>
   <entry_point>
      <name>_c_int00_noargs</name>
      <address>0x16231</address>
   </entry_point>
   <input_file_list>
      <input_file id="fl-1">
         <path>C:\Users\ronit\Desktop\School Work\Spring 26\ECE 319H\MSPM0_Valvanoware\ECE319K_Lab9H\Debug\.\</path>
         <kind>object</kind>
         <file>Clock.o</file>
         <name>Clock.o</name>
      </input_file>
      <input_file id="fl-2">
         <path>C:\Users\ronit\Desktop\School Work\Spring 26\ECE 319H\MSPM0_Valvanoware\ECE319K_Lab9H\Debug\.\</path>
         <kind>object</kind>
         <file>DAC5.o</file>
         <name>DAC5.o</name>
      </input_file>
      <input_file id="fl-3">
         <path>C:\Users\ronit\Desktop\School Work\Spring 26\ECE 319H\MSPM0_Valvanoware\ECE319K_Lab9H\Debug\.\</path>
         <kind>object</kind>
         <file>Game.o</file>
         <name>Game.o</name>
      </input_file>
      <input_file id="fl-4">
         <path>C:\Users\ronit\Desktop\School Work\Spring 26\ECE 319H\MSPM0_Valvanoware\ECE319K_Lab9H\Debug\.\</path>
         <kind>object</kind>
         <file>Images.o</file>
         <name>Images.o</name>
      </input_file>
      <input_file id="fl-5">
         <path>C:\Users\ronit\Desktop\School Work\Spring 26\ECE 319H\MSPM0_Valvanoware\ECE319K_Lab9H\Debug\.\</path>
         <kind>object</kind>
         <file>LED.o</file>
         <name>LED.o</name>
      </input_file>
      <input_file id="fl-6">
         <path>C:\Users\ronit\Desktop\School Work\Spring 26\ECE 319H\MSPM0_Valvanoware\ECE319K_Lab9H\Debug\.\</path>
         <kind>object</kind>
         <file>Lab9HMain.o</file>
         <name>Lab9HMain.o</name>
      </input_file>
      <input_file id="fl-7">
         <path>C:\Users\ronit\Desktop\School Work\Spring 26\ECE 319H\MSPM0_Valvanoware\ECE319K_Lab9H\Debug\.\</path>
         <kind>object</kind>
         <file>Language.o</file>
         <name>Language.o</name>
      </input_file>
      <input_file id="fl-8">
         <path>C:\Users\ronit\Desktop\School Work\Spring 26\ECE 319H\MSPM0_Valvanoware\ECE319K_Lab9H\Debug\.\</path>
         <kind>object</kind>
         <file>LaunchPad.o</file>
         <name>LaunchPad.o</name>
      </input_file>
      <input_file id="fl-9">
         <path>C:\Users\ronit\Desktop\School Work\Spring 26\ECE 319H\MSPM0_Valvanoware\ECE319K_Lab9H\Debug\.\</path>
         <kind>object</kind>
         <file>SPI.o</file>
         <name>SPI.o</name>
      </input_file>
      <input_file id="fl-a">
         <path>C:\Users\ronit\Desktop\School Work\Spring 26\ECE 319H\MSPM0_Valvanoware\ECE319K_Lab9H\Debug\.\</path>
         <kind>object</kind>
         <file>ST7735.o</file>
         <name>ST7735.o</name>
      </input_file>
      <input_file id="fl-b">
         <path>C:\Users\ronit\Desktop\School Work\Spring 26\ECE 319H\MSPM0_Valvanoware\ECE319K_Lab9H\Debug\.\</path>
         <kind>object</kind>
         <file>SlidePot.o</file>
         <name>SlidePot.o</name>
      </input_file>
      <input_file id="fl-c">
         <path>C:\Users\ronit\Desktop\School Work\Spring 26\ECE 319H\MSPM0_Valvanoware\ECE319K_Lab9H\Debug\.\</path>
         <kind>object</kind>
         <file>SmallFont.o</file>
         <name>SmallFont.o</name>
      </input_file>
      <input_file id="fl-d">
         <path>C:\Users\ronit\Desktop\School Work\Spring 26\ECE 319H\MSPM0_Valvanoware\ECE319K_Lab9H\Debug\.\</path>
         <kind>object</kind>
         <file>Sound.o</file>
         <name>Sound.o</name>
      </input_file>
      <input_file id="fl-e">
         <path>C:\Users\ronit\Desktop\School Work\Spring 26\ECE 319H\MSPM0_Valvanoware\ECE319K_Lab9H\Debug\.\</path>
         <kind>object</kind>
         <file>Sounds.o</file>
         <name>Sounds.o</name>
      </input_file>
      <input_file id="fl-f">
         <path>C:\Users\ronit\Desktop\School Work\Spring 26\ECE 319H\MSPM0_Valvanoware\ECE319K_Lab9H\Debug\.\</path>
         <kind>object</kind>
         <file>Switch.o</file>
         <name>Switch.o</name>
      </input_file>
      <input_file id="fl-10">
         <path>C:\Users\ronit\Desktop\School Work\Spring 26\ECE 319H\MSPM0_Valvanoware\ECE319K_Lab9H\Debug\.\</path>
         <kind>object</kind>
         <file>TExaS.o</file>
         <name>TExaS.o</name>
      </input_file>
      <input_file id="fl-11">
         <path>C:\Users\ronit\Desktop\School Work\Spring 26\ECE 319H\MSPM0_Valvanoware\ECE319K_Lab9H\Debug\.\</path>
         <kind>object</kind>
         <file>Timer.o</file>
         <name>Timer.o</name>
      </input_file>
      <input_file id="fl-12">
         <path>C:\Users\ronit\Desktop\School Work\Spring 26\ECE 319H\MSPM0_Valvanoware\ECE319K_Lab9H\Debug\.\</path>
         <kind>object</kind>
         <file>globals.o</file>
         <name>globals.o</name>
      </input_file>
      <input_file id="fl-13">
         <path>C:\Users\ronit\Desktop\School Work\Spring 26\ECE 319H\MSPM0_Valvanoware\ECE319K_Lab9H\Debug\.\</path>
         <kind>object</kind>
         <file>temp.o</file>
         <name>temp.o</name>
      </input_file>
      <input_file id="fl-14">
         <path>C:\Users\ronit\Desktop\School Work\Spring 26\ECE 319H\MSPM0_Valvanoware\ECE319K_Lab9H\Debug\.\images\pipedreams\</path>
         <kind>object</kind>
         <file>PipeSound.o</file>
         <name>PipeSound.o</name>
      </input_file>
      <input_file id="fl-15">
         <path>C:\Users\ronit\Desktop\School Work\Spring 26\ECE 319H\MSPM0_Valvanoware\ECE319K_Lab9H\Debug\.\ticlang\</path>
         <kind>object</kind>
         <file>startup_mspm0g3507_ticlang.o</file>
         <name>startup_mspm0g3507_ticlang.o</name>
      </input_file>
      <input_file id="fl-21">
         <path>C:\Users\ronit\Desktop\School Work\Spring 26\ECE 319H\MSPM0_Valvanoware\ECE319K_Lab9H\Debug\</path>
         <kind>object</kind>
         <file>&lt;internal&gt;</file>
         <name>&lt;internal&gt;</name>
      </input_file>
      <input_file id="fl-38">
         <path>C:\TI\ccs2040\ccs\tools\compiler\ti-cgt-armllvm_4.0.4.LTS\lib\armv6m-ti-none-eabi\c\</path>
         <kind>archive</kind>
         <file>libc.a</file>
         <name>fopen.c.obj</name>
      </input_file>
      <input_file id="fl-39">
         <path>C:\TI\ccs2040\ccs\tools\compiler\ti-cgt-armllvm_4.0.4.LTS\lib\armv6m-ti-none-eabi\c\</path>
         <kind>archive</kind>
         <file>libc.a</file>
         <name>setvbuf.c.obj</name>
      </input_file>
      <input_file id="fl-3a">
         <path>C:\TI\ccs2040\ccs\tools\compiler\ti-cgt-armllvm_4.0.4.LTS\lib\armv6m-ti-none-eabi\c\</path>
         <kind>archive</kind>
         <file>libc.a</file>
         <name>aeabi_portable.c.obj</name>
      </input_file>
      <input_file id="fl-3b">
         <path>C:\TI\ccs2040\ccs\tools\compiler\ti-cgt-armllvm_4.0.4.LTS\lib\armv6m-ti-none-eabi\c\</path>
         <kind>archive</kind>
         <file>libc.a</file>
         <name>aeabi_atexit.c.obj</name>
      </input_file>
      <input_file id="fl-3c">
         <path>C:\TI\ccs2040\ccs\tools\compiler\ti-cgt-armllvm_4.0.4.LTS\lib\armv6m-ti-none-eabi\c\</path>
         <kind>archive</kind>
         <file>libc.a</file>
         <name>exit.c.obj</name>
      </input_file>
      <input_file id="fl-3d">
         <path>C:\TI\ccs2040\ccs\tools\compiler\ti-cgt-armllvm_4.0.4.LTS\lib\armv6m-ti-none-eabi\c\</path>
         <kind>archive</kind>
         <file>libc.a</file>
         <name>_lock.c.obj</name>
      </input_file>
      <input_file id="fl-3e">
         <path>C:\TI\ccs2040\ccs\tools\compiler\ti-cgt-armllvm_4.0.4.LTS\lib\armv6m-ti-none-eabi\c\</path>
         <kind>archive</kind>
         <file>libc.a</file>
         <name>assert.c.obj</name>
      </input_file>
      <input_file id="fl-3f">
         <path>C:\TI\ccs2040\ccs\tools\compiler\ti-cgt-armllvm_4.0.4.LTS\lib\armv6m-ti-none-eabi\c\</path>
         <kind>archive</kind>
         <file>libc.a</file>
         <name>defs.c.obj</name>
      </input_file>
      <input_file id="fl-40">
         <path>C:\TI\ccs2040\ccs\tools\compiler\ti-cgt-armllvm_4.0.4.LTS\lib\armv6m-ti-none-eabi\c\</path>
         <kind>archive</kind>
         <file>libc.a</file>
         <name>memory.c.obj</name>
      </input_file>
      <input_file id="fl-41">
         <path>C:\TI\ccs2040\ccs\tools\compiler\ti-cgt-armllvm_4.0.4.LTS\lib\armv6m-ti-none-eabi\c\</path>
         <kind>archive</kind>
         <file>libc.a</file>
         <name>strlen.c.obj</name>
      </input_file>
      <input_file id="fl-42">
         <path>C:\TI\ccs2040\ccs\tools\compiler\ti-cgt-armllvm_4.0.4.LTS\lib\armv6m-ti-none-eabi\c\</path>
         <kind>archive</kind>
         <file>libc.a</file>
         <name>boot_cortex_m.c.obj</name>
      </input_file>
      <input_file id="fl-43">
         <path>C:\TI\ccs2040\ccs\tools\compiler\ti-cgt-armllvm_4.0.4.LTS\lib\armv6m-ti-none-eabi\c\</path>
         <kind>archive</kind>
         <file>libc.a</file>
         <name>mathacl_init.c.obj</name>
      </input_file>
      <input_file id="fl-44">
         <path>C:\TI\ccs2040\ccs\tools\compiler\ti-cgt-armllvm_4.0.4.LTS\lib\armv6m-ti-none-eabi\c\</path>
         <kind>archive</kind>
         <file>libc.a</file>
         <name>autoinit.c.obj</name>
      </input_file>
      <input_file id="fl-45">
         <path>C:\TI\ccs2040\ccs\tools\compiler\ti-cgt-armllvm_4.0.4.LTS\lib\armv6m-ti-none-eabi\c\</path>
         <kind>archive</kind>
         <file>libc.a</file>
         <name>pre_init.c.obj</name>
      </input_file>
      <input_file id="fl-46">
         <path>C:\TI\ccs2040\ccs\tools\compiler\ti-cgt-armllvm_4.0.4.LTS\lib\armv6m-ti-none-eabi\c\</path>
         <kind>archive</kind>
         <file>libc.a</file>
         <name>cpy_tbl.c.obj</name>
      </input_file>
      <input_file id="fl-47">
         <path>C:\TI\ccs2040\ccs\tools\compiler\ti-cgt-armllvm_4.0.4.LTS\lib\armv6m-ti-none-eabi\c\</path>
         <kind>archive</kind>
         <file>libc.a</file>
         <name>copy_zero_init.c.obj</name>
      </input_file>
      <input_file id="fl-48">
         <path>C:\TI\ccs2040\ccs\tools\compiler\ti-cgt-armllvm_4.0.4.LTS\lib\armv6m-ti-none-eabi\c\</path>
         <kind>archive</kind>
         <file>libc.a</file>
         <name>copy_decompress_none.c.obj</name>
      </input_file>
      <input_file id="fl-49">
         <path>C:\TI\ccs2040\ccs\tools\compiler\ti-cgt-armllvm_4.0.4.LTS\lib\armv6m-ti-none-eabi\c\</path>
         <kind>archive</kind>
         <file>libc.a</file>
         <name>copy_decompress_lzss.c.obj</name>
      </input_file>
      <input_file id="fl-4a">
         <path>C:\TI\ccs2040\ccs\tools\compiler\ti-cgt-armllvm_4.0.4.LTS\lib\armv6m-ti-none-eabi\c\</path>
         <kind>archive</kind>
         <file>libc.a</file>
         <name>sprintf.c.obj</name>
      </input_file>
      <input_file id="fl-4b">
         <path>C:\TI\ccs2040\ccs\tools\compiler\ti-cgt-armllvm_4.0.4.LTS\lib\armv6m-ti-none-eabi\c\</path>
         <kind>archive</kind>
         <file>libc.a</file>
         <name>fclose.c.obj</name>
      </input_file>
      <input_file id="fl-4c">
         <path>C:\TI\ccs2040\ccs\tools\compiler\ti-cgt-armllvm_4.0.4.LTS\lib\armv6m-ti-none-eabi\c\</path>
         <kind>archive</kind>
         <file>libc.a</file>
         <name>fflush.c.obj</name>
      </input_file>
      <input_file id="fl-4d">
         <path>C:\TI\ccs2040\ccs\tools\compiler\ti-cgt-armllvm_4.0.4.LTS\lib\armv6m-ti-none-eabi\c\</path>
         <kind>archive</kind>
         <file>libc.a</file>
         <name>fputs.c.obj</name>
      </input_file>
      <input_file id="fl-4e">
         <path>C:\TI\ccs2040\ccs\tools\compiler\ti-cgt-armllvm_4.0.4.LTS\lib\armv6m-ti-none-eabi\c\</path>
         <kind>archive</kind>
         <file>libc.a</file>
         <name>_io_perm.c.obj</name>
      </input_file>
      <input_file id="fl-4f">
         <path>C:\TI\ccs2040\ccs\tools\compiler\ti-cgt-armllvm_4.0.4.LTS\lib\armv6m-ti-none-eabi\c\</path>
         <kind>archive</kind>
         <file>libc.a</file>
         <name>args_main.c.obj</name>
      </input_file>
      <input_file id="fl-50">
         <path>C:\TI\ccs2040\ccs\tools\compiler\ti-cgt-armllvm_4.0.4.LTS\lib\armv6m-ti-none-eabi\c\</path>
         <kind>archive</kind>
         <file>libc.a</file>
         <name>_printfi.c.obj</name>
      </input_file>
      <input_file id="fl-51">
         <path>C:\TI\ccs2040\ccs\tools\compiler\ti-cgt-armllvm_4.0.4.LTS\lib\armv6m-ti-none-eabi\c\</path>
         <kind>archive</kind>
         <file>libc.a</file>
         <name>fseek.c.obj</name>
      </input_file>
      <input_file id="fl-52">
         <path>C:\TI\ccs2040\ccs\tools\compiler\ti-cgt-armllvm_4.0.4.LTS\lib\armv6m-ti-none-eabi\c\</path>
         <kind>archive</kind>
         <file>libc.a</file>
         <name>_ltoa.c.obj</name>
      </input_file>
      <input_file id="fl-53">
         <path>C:\TI\ccs2040\ccs\tools\compiler\ti-cgt-armllvm_4.0.4.LTS\lib\armv6m-ti-none-eabi\c\</path>
         <kind>archive</kind>
         <file>libc.a</file>
         <name>atoi.c.obj</name>
      </input_file>
      <input_file id="fl-54">
         <path>C:\TI\ccs2040\ccs\tools\compiler\ti-cgt-armllvm_4.0.4.LTS\lib\armv6m-ti-none-eabi\c\</path>
         <kind>archive</kind>
         <file>libc.a</file>
         <name>memccpy.c.obj</name>
      </input_file>
      <input_file id="fl-55">
         <path>C:\TI\ccs2040\ccs\tools\compiler\ti-cgt-armllvm_4.0.4.LTS\lib\armv6m-ti-none-eabi\c\</path>
         <kind>archive</kind>
         <file>libc.a</file>
         <name>s_frexp.c.obj</name>
      </input_file>
      <input_file id="fl-56">
         <path>C:\TI\ccs2040\ccs\tools\compiler\ti-cgt-armllvm_4.0.4.LTS\lib\armv6m-ti-none-eabi\c\</path>
         <kind>archive</kind>
         <file>libc.a</file>
         <name>s_scalbn.c.obj</name>
      </input_file>
      <input_file id="fl-57">
         <path>C:\TI\ccs2040\ccs\tools\compiler\ti-cgt-armllvm_4.0.4.LTS\lib\armv6m-ti-none-eabi\c\</path>
         <kind>archive</kind>
         <file>libc.a</file>
         <name>wcslen.c.obj</name>
      </input_file>
      <input_file id="fl-58">
         <path>C:\TI\ccs2040\ccs\tools\compiler\ti-cgt-armllvm_4.0.4.LTS\lib\armv6m-ti-none-eabi\c\</path>
         <kind>archive</kind>
         <file>libc.a</file>
         <name>aeabi_ctype.S.obj</name>
      </input_file>
      <input_file id="fl-f8">
         <path>C:\TI\ccs2040\ccs\tools\compiler\ti-cgt-armllvm_4.0.4.LTS\lib\armv6m-ti-none-eabi\</path>
         <kind>archive</kind>
         <file>libc++.a</file>
         <name>string.cpp.obj</name>
      </input_file>
      <input_file id="fl-f9">
         <path>C:\TI\ccs2040\ccs\tools\compiler\ti-cgt-armllvm_4.0.4.LTS\lib\armv6m-ti-none-eabi\</path>
         <kind>archive</kind>
         <file>libc++.a</file>
         <name>verbose_abort.cpp.obj</name>
      </input_file>
      <input_file id="fl-fa">
         <path>C:\TI\ccs2040\ccs\tools\compiler\ti-cgt-armllvm_4.0.4.LTS\lib\armv6m-ti-none-eabi\</path>
         <kind>archive</kind>
         <file>libc++abi.a</file>
         <name>stdlib_new_delete.cpp.obj</name>
      </input_file>
      <input_file id="fl-fb">
         <path>C:\TI\ccs2040\ccs\tools\compiler\ti-cgt-armllvm_4.0.4.LTS\lib\armv6m-ti-none-eabi\</path>
         <kind>archive</kind>
         <file>libc++abi.a</file>
         <name>cxa_handlers.cpp.obj</name>
      </input_file>
      <input_file id="fl-fc">
         <path>C:\TI\ccs2040\ccs\tools\compiler\ti-cgt-armllvm_4.0.4.LTS\lib\armv6m-ti-none-eabi\</path>
         <kind>archive</kind>
         <file>libc++abi.a</file>
         <name>abort_message.cpp.obj</name>
      </input_file>
      <input_file id="fl-fd">
         <path>C:\TI\ccs2040\ccs\tools\compiler\ti-cgt-armllvm_4.0.4.LTS\lib\armv6m-ti-none-eabi\</path>
         <kind>archive</kind>
         <file>libc++abi.a</file>
         <name>cxa_default_handlers.cpp.obj</name>
      </input_file>
      <input_file id="fl-fe">
         <path>C:\TI\ccs2040\ccs\tools\compiler\ti-cgt-armllvm_4.0.4.LTS\lib\armv6m-ti-none-eabi\c\</path>
         <kind>archive</kind>
         <file>libc.a</file>
         <name>wcstof.c.obj</name>
      </input_file>
      <input_file id="fl-ff">
         <path>C:\TI\ccs2040\ccs\tools\compiler\ti-cgt-armllvm_4.0.4.LTS\lib\armv6m-ti-none-eabi\c\</path>
         <kind>archive</kind>
         <file>libc.a</file>
         <name>wcstod.c.obj</name>
      </input_file>
      <input_file id="fl-100">
         <path>C:\TI\ccs2040\ccs\tools\compiler\ti-cgt-armllvm_4.0.4.LTS\lib\armv6m-ti-none-eabi\c\</path>
         <kind>archive</kind>
         <file>libc.a</file>
         <name>wcstold.c.obj</name>
      </input_file>
      <input_file id="fl-101">
         <path>C:\TI\ccs2040\ccs\tools\compiler\ti-cgt-armllvm_4.0.4.LTS\lib\armv6m-ti-none-eabi\c\</path>
         <kind>archive</kind>
         <file>libc.a</file>
         <name>wcstol.c.obj</name>
      </input_file>
      <input_file id="fl-102">
         <path>C:\TI\ccs2040\ccs\tools\compiler\ti-cgt-armllvm_4.0.4.LTS\lib\armv6m-ti-none-eabi\c\</path>
         <kind>archive</kind>
         <file>libc.a</file>
         <name>wcstoul.c.obj</name>
      </input_file>
      <input_file id="fl-103">
         <path>C:\TI\ccs2040\ccs\tools\compiler\ti-cgt-armllvm_4.0.4.LTS\lib\armv6m-ti-none-eabi\c\</path>
         <kind>archive</kind>
         <file>libc.a</file>
         <name>wcstoll.c.obj</name>
      </input_file>
      <input_file id="fl-104">
         <path>C:\TI\ccs2040\ccs\tools\compiler\ti-cgt-armllvm_4.0.4.LTS\lib\armv6m-ti-none-eabi\c\</path>
         <kind>archive</kind>
         <file>libc.a</file>
         <name>wcstoull.c.obj</name>
      </input_file>
      <input_file id="fl-105">
         <path>C:\TI\ccs2040\ccs\tools\compiler\ti-cgt-armllvm_4.0.4.LTS\lib\armv6m-ti-none-eabi\c\</path>
         <kind>archive</kind>
         <file>libc.a</file>
         <name>swprintf.c.obj</name>
      </input_file>
      <input_file id="fl-106">
         <path>C:\TI\ccs2040\ccs\tools\compiler\ti-cgt-armllvm_4.0.4.LTS\lib\armv6m-ti-none-eabi\c\</path>
         <kind>archive</kind>
         <file>libc.a</file>
         <name>wmemchr.c.obj</name>
      </input_file>
      <input_file id="fl-107">
         <path>C:\TI\ccs2040\ccs\tools\compiler\ti-cgt-armllvm_4.0.4.LTS\lib\armv6m-ti-none-eabi\c\</path>
         <kind>archive</kind>
         <file>libc.a</file>
         <name>wmemcmp.c.obj</name>
      </input_file>
      <input_file id="fl-108">
         <path>C:\TI\ccs2040\ccs\tools\compiler\ti-cgt-armllvm_4.0.4.LTS\lib\armv6m-ti-none-eabi\c\</path>
         <kind>archive</kind>
         <file>libc.a</file>
         <name>none_mb.c.obj</name>
      </input_file>
      <input_file id="fl-109">
         <path>C:\TI\ccs2040\ccs\tools\compiler\ti-cgt-armllvm_4.0.4.LTS\lib\armv6m-ti-none-eabi\c\</path>
         <kind>archive</kind>
         <file>libc.a</file>
         <name>vswprintf.c.obj</name>
      </input_file>
      <input_file id="fl-10a">
         <path>C:\TI\ccs2040\ccs\tools\compiler\ti-cgt-armllvm_4.0.4.LTS\lib\armv6m-ti-none-eabi\c\</path>
         <kind>archive</kind>
         <file>libc.a</file>
         <name>snprintf.c.obj</name>
      </input_file>
      <input_file id="fl-10b">
         <path>C:\TI\ccs2040\ccs\tools\compiler\ti-cgt-armllvm_4.0.4.LTS\lib\armv6m-ti-none-eabi\c\</path>
         <kind>archive</kind>
         <file>libc.a</file>
         <name>vfprintf.c.obj</name>
      </input_file>
      <input_file id="fl-10c">
         <path>C:\TI\ccs2040\ccs\tools\compiler\ti-cgt-armllvm_4.0.4.LTS\lib\armv6m-ti-none-eabi\c\</path>
         <kind>archive</kind>
         <file>libc.a</file>
         <name>vsnprintf.c.obj</name>
      </input_file>
      <input_file id="fl-10d">
         <path>C:\TI\ccs2040\ccs\tools\compiler\ti-cgt-armllvm_4.0.4.LTS\lib\armv6m-ti-none-eabi\c\</path>
         <kind>archive</kind>
         <file>libc.a</file>
         <name>fputc.c.obj</name>
      </input_file>
      <input_file id="fl-10e">
         <path>C:\TI\ccs2040\ccs\tools\compiler\ti-cgt-armllvm_4.0.4.LTS\lib\armv6m-ti-none-eabi\c\</path>
         <kind>archive</kind>
         <file>libc.a</file>
         <name>locale_stdlib.c.obj</name>
      </input_file>
      <input_file id="fl-10f">
         <path>C:\TI\ccs2040\ccs\tools\compiler\ti-cgt-armllvm_4.0.4.LTS\lib\armv6m-ti-none-eabi\c\</path>
         <kind>archive</kind>
         <file>libc.a</file>
         <name>locale_wchar.c.obj</name>
      </input_file>
      <input_file id="fl-110">
         <path>C:\TI\ccs2040\ccs\tools\compiler\ti-cgt-armllvm_4.0.4.LTS\lib\armv6m-ti-none-eabi\c\</path>
         <kind>archive</kind>
         <file>libc.a</file>
         <name>atol.c.obj</name>
      </input_file>
      <input_file id="fl-111">
         <path>C:\TI\ccs2040\ccs\tools\compiler\ti-cgt-armllvm_4.0.4.LTS\lib\armv6m-ti-none-eabi\c\</path>
         <kind>archive</kind>
         <file>libc.a</file>
         <name>atoll.c.obj</name>
      </input_file>
      <input_file id="fl-112">
         <path>C:\TI\ccs2040\ccs\tools\compiler\ti-cgt-armllvm_4.0.4.LTS\lib\armv6m-ti-none-eabi\c\</path>
         <kind>archive</kind>
         <file>libc.a</file>
         <name>memchr.c.obj</name>
      </input_file>
      <input_file id="fl-113">
         <path>C:\TI\ccs2040\ccs\tools\compiler\ti-cgt-armllvm_4.0.4.LTS\lib\armv6m-ti-none-eabi\c\</path>
         <kind>archive</kind>
         <file>libc.a</file>
         <name>memcmp.c.obj</name>
      </input_file>
      <input_file id="fl-114">
         <path>C:\TI\ccs2040\ccs\tools\compiler\ti-cgt-armllvm_4.0.4.LTS\lib\armv6m-ti-none-eabi\c\</path>
         <kind>archive</kind>
         <file>libc.a</file>
         <name>strtod.c.obj</name>
      </input_file>
      <input_file id="fl-115">
         <path>C:\TI\ccs2040\ccs\tools\compiler\ti-cgt-armllvm_4.0.4.LTS\lib\armv6m-ti-none-eabi\c\</path>
         <kind>archive</kind>
         <file>libc.a</file>
         <name>strtof.c.obj</name>
      </input_file>
      <input_file id="fl-116">
         <path>C:\TI\ccs2040\ccs\tools\compiler\ti-cgt-armllvm_4.0.4.LTS\lib\armv6m-ti-none-eabi\c\</path>
         <kind>archive</kind>
         <file>libc.a</file>
         <name>strtol.c.obj</name>
      </input_file>
      <input_file id="fl-117">
         <path>C:\TI\ccs2040\ccs\tools\compiler\ti-cgt-armllvm_4.0.4.LTS\lib\armv6m-ti-none-eabi\c\</path>
         <kind>archive</kind>
         <file>libc.a</file>
         <name>strtoll.c.obj</name>
      </input_file>
      <input_file id="fl-118">
         <path>C:\TI\ccs2040\ccs\tools\compiler\ti-cgt-armllvm_4.0.4.LTS\lib\armv6m-ti-none-eabi\c\</path>
         <kind>archive</kind>
         <file>libc.a</file>
         <name>strtoul.c.obj</name>
      </input_file>
      <input_file id="fl-119">
         <path>C:\TI\ccs2040\ccs\tools\compiler\ti-cgt-armllvm_4.0.4.LTS\lib\armv6m-ti-none-eabi\c\</path>
         <kind>archive</kind>
         <file>libc.a</file>
         <name>strtoull.c.obj</name>
      </input_file>
      <input_file id="fl-11a">
         <path>C:\TI\ccs2040\ccs\tools\compiler\ti-cgt-armllvm_4.0.4.LTS\lib\armv6m-ti-none-eabi\c\</path>
         <kind>archive</kind>
         <file>libc.a</file>
         <name>wctype.c.obj</name>
      </input_file>
      <input_file id="fl-11b">
         <path>C:\TI\ccs2040\ccs\tools\compiler\ti-cgt-armllvm_4.0.4.LTS\lib\armv6m-ti-none-eabi\c\</path>
         <kind>archive</kind>
         <file>libc.a</file>
         <name>s_scalbnf.c.obj</name>
      </input_file>
      <input_file id="fl-11c">
         <path>C:\TI\ccs2040\ccs\tools\compiler\ti-cgt-armllvm_4.0.4.LTS\lib\armv6m-ti-none-eabi\c\</path>
         <kind>archive</kind>
         <file>libc.a</file>
         <name>fgetwc.c.obj</name>
      </input_file>
      <input_file id="fl-11d">
         <path>C:\TI\ccs2040\ccs\tools\compiler\ti-cgt-armllvm_4.0.4.LTS\lib\armv6m-ti-none-eabi\c\</path>
         <kind>archive</kind>
         <file>libc.a</file>
         <name>fgetws.c.obj</name>
      </input_file>
      <input_file id="fl-11e">
         <path>C:\TI\ccs2040\ccs\tools\compiler\ti-cgt-armllvm_4.0.4.LTS\lib\armv6m-ti-none-eabi\c\</path>
         <kind>archive</kind>
         <file>libc.a</file>
         <name>fputws.c.obj</name>
      </input_file>
      <input_file id="fl-11f">
         <path>C:\TI\ccs2040\ccs\tools\compiler\ti-cgt-armllvm_4.0.4.LTS\lib\armv6m-ti-none-eabi\c\</path>
         <kind>archive</kind>
         <file>libc.a</file>
         <name>vfwprintf.c.obj</name>
      </input_file>
      <input_file id="fl-120">
         <path>C:\TI\ccs2040\ccs\tools\compiler\ti-cgt-armllvm_4.0.4.LTS\lib\armv6m-ti-none-eabi\c\</path>
         <kind>archive</kind>
         <file>libc.a</file>
         <name>vfwscanf.c.obj</name>
      </input_file>
      <input_file id="fl-121">
         <path>C:\TI\ccs2040\ccs\tools\compiler\ti-cgt-armllvm_4.0.4.LTS\lib\armv6m-ti-none-eabi\c\</path>
         <kind>archive</kind>
         <file>libc.a</file>
         <name>wcscoll.c.obj</name>
      </input_file>
      <input_file id="fl-122">
         <path>C:\TI\ccs2040\ccs\tools\compiler\ti-cgt-armllvm_4.0.4.LTS\lib\armv6m-ti-none-eabi\c\</path>
         <kind>archive</kind>
         <file>libc.a</file>
         <name>wcsxfrm.c.obj</name>
      </input_file>
      <input_file id="fl-123">
         <path>C:\TI\ccs2040\ccs\tools\compiler\ti-cgt-armllvm_4.0.4.LTS\lib\armv6m-ti-none-eabi\c\</path>
         <kind>archive</kind>
         <file>libc.a</file>
         <name>fscanf.c.obj</name>
      </input_file>
      <input_file id="fl-124">
         <path>C:\TI\ccs2040\ccs\tools\compiler\ti-cgt-armllvm_4.0.4.LTS\lib\armv6m-ti-none-eabi\c\</path>
         <kind>archive</kind>
         <file>libc.a</file>
         <name>fgetc.c.obj</name>
      </input_file>
      <input_file id="fl-125">
         <path>C:\TI\ccs2040\ccs\tools\compiler\ti-cgt-armllvm_4.0.4.LTS\lib\armv6m-ti-none-eabi\c\</path>
         <kind>archive</kind>
         <file>libc.a</file>
         <name>fgets.c.obj</name>
      </input_file>
      <input_file id="fl-126">
         <path>C:\TI\ccs2040\ccs\tools\compiler\ti-cgt-armllvm_4.0.4.LTS\lib\armv6m-ti-none-eabi\c\</path>
         <kind>archive</kind>
         <file>libc.a</file>
         <name>_bufread.c.obj</name>
      </input_file>
      <input_file id="fl-127">
         <path>C:\TI\ccs2040\ccs\tools\compiler\ti-cgt-armllvm_4.0.4.LTS\lib\armv6m-ti-none-eabi\c\</path>
         <kind>archive</kind>
         <file>libc.a</file>
         <name>ungetc.c.obj</name>
      </input_file>
      <input_file id="fl-128">
         <path>C:\TI\ccs2040\ccs\tools\compiler\ti-cgt-armllvm_4.0.4.LTS\lib\armv6m-ti-none-eabi\c\</path>
         <kind>archive</kind>
         <file>libc.a</file>
         <name>strcmp-armv6m.S.obj</name>
      </input_file>
      <input_file id="fl-129">
         <path>C:\TI\ccs2040\ccs\tools\compiler\ti-cgt-armllvm_4.0.4.LTS\lib\armv6m-ti-none-eabi\c\</path>
         <kind>archive</kind>
         <file>libc.a</file>
         <name>_scanfi.c.obj</name>
      </input_file>
      <input_file id="fl-12a">
         <path>C:\TI\ccs2040\ccs\tools\compiler\ti-cgt-armllvm_4.0.4.LTS\lib\armv6m-ti-none-eabi\c\</path>
         <kind>archive</kind>
         <file>libsysbm.a</file>
         <name>hostexit.c.obj</name>
      </input_file>
      <input_file id="fl-12b">
         <path>C:\TI\ccs2040\ccs\tools\compiler\ti-cgt-armllvm_4.0.4.LTS\lib\armv6m-ti-none-eabi\c\</path>
         <kind>archive</kind>
         <file>libsysbm.a</file>
         <name>write.c.obj</name>
      </input_file>
      <input_file id="fl-12c">
         <path>C:\TI\ccs2040\ccs\tools\compiler\ti-cgt-armllvm_4.0.4.LTS\lib\armv6m-ti-none-eabi\c\</path>
         <kind>archive</kind>
         <file>libsysbm.a</file>
         <name>host_device.c.obj</name>
      </input_file>
      <input_file id="fl-12d">
         <path>C:\TI\ccs2040\ccs\tools\compiler\ti-cgt-armllvm_4.0.4.LTS\lib\armv6m-ti-none-eabi\c\</path>
         <kind>archive</kind>
         <file>libsysbm.a</file>
         <name>remove.c.obj</name>
      </input_file>
      <input_file id="fl-12e">
         <path>C:\TI\ccs2040\ccs\tools\compiler\ti-cgt-armllvm_4.0.4.LTS\lib\armv6m-ti-none-eabi\c\</path>
         <kind>archive</kind>
         <file>libsysbm.a</file>
         <name>read.c.obj</name>
      </input_file>
      <input_file id="fl-12f">
         <path>C:\TI\ccs2040\ccs\tools\compiler\ti-cgt-armllvm_4.0.4.LTS\lib\armv6m-ti-none-eabi\c\</path>
         <kind>archive</kind>
         <file>libsysbm.a</file>
         <name>open.c.obj</name>
      </input_file>
      <input_file id="fl-130">
         <path>C:\TI\ccs2040\ccs\tools\compiler\ti-cgt-armllvm_4.0.4.LTS\lib\armv6m-ti-none-eabi\c\</path>
         <kind>archive</kind>
         <file>libsysbm.a</file>
         <name>lseek.c.obj</name>
      </input_file>
      <input_file id="fl-131">
         <path>C:\TI\ccs2040\ccs\tools\compiler\ti-cgt-armllvm_4.0.4.LTS\lib\armv6m-ti-none-eabi\c\</path>
         <kind>archive</kind>
         <file>libsysbm.a</file>
         <name>close.c.obj</name>
      </input_file>
      <input_file id="fl-132">
         <path>C:\TI\ccs2040\ccs\tools\compiler\ti-cgt-armllvm_4.0.4.LTS\lib\armv6m-ti-none-eabi\c\</path>
         <kind>archive</kind>
         <file>libsysbm.a</file>
         <name>add_device.c.obj</name>
      </input_file>
      <input_file id="fl-133">
         <path>C:\TI\ccs2040\ccs\tools\compiler\ti-cgt-armllvm_4.0.4.LTS\lib\armv6m-ti-none-eabi\c\</path>
         <kind>archive</kind>
         <file>libsysbm.a</file>
         <name>unlink.c.obj</name>
      </input_file>
      <input_file id="fl-134">
         <path>C:\TI\ccs2040\ccs\tools\compiler\ti-cgt-armllvm_4.0.4.LTS\lib\armv6m-ti-none-eabi\c\</path>
         <kind>archive</kind>
         <file>libsysbm.a</file>
         <name>hostclose.c.obj</name>
      </input_file>
      <input_file id="fl-135">
         <path>C:\TI\ccs2040\ccs\tools\compiler\ti-cgt-armllvm_4.0.4.LTS\lib\armv6m-ti-none-eabi\c\</path>
         <kind>archive</kind>
         <file>libsysbm.a</file>
         <name>hostlseek.c.obj</name>
      </input_file>
      <input_file id="fl-136">
         <path>C:\TI\ccs2040\ccs\tools\compiler\ti-cgt-armllvm_4.0.4.LTS\lib\armv6m-ti-none-eabi\c\</path>
         <kind>archive</kind>
         <file>libsysbm.a</file>
         <name>hostopen.c.obj</name>
      </input_file>
      <input_file id="fl-137">
         <path>C:\TI\ccs2040\ccs\tools\compiler\ti-cgt-armllvm_4.0.4.LTS\lib\armv6m-ti-none-eabi\c\</path>
         <kind>archive</kind>
         <file>libsysbm.a</file>
         <name>hostread.c.obj</name>
      </input_file>
      <input_file id="fl-138">
         <path>C:\TI\ccs2040\ccs\tools\compiler\ti-cgt-armllvm_4.0.4.LTS\lib\armv6m-ti-none-eabi\c\</path>
         <kind>archive</kind>
         <file>libsysbm.a</file>
         <name>hostrename.c.obj</name>
      </input_file>
      <input_file id="fl-139">
         <path>C:\TI\ccs2040\ccs\tools\compiler\ti-cgt-armllvm_4.0.4.LTS\lib\armv6m-ti-none-eabi\c\</path>
         <kind>archive</kind>
         <file>libsysbm.a</file>
         <name>hostunlink.c.obj</name>
      </input_file>
      <input_file id="fl-13a">
         <path>C:\TI\ccs2040\ccs\tools\compiler\ti-cgt-armllvm_4.0.4.LTS\lib\armv6m-ti-none-eabi\c\</path>
         <kind>archive</kind>
         <file>libsysbm.a</file>
         <name>hostwrite.c.obj</name>
      </input_file>
      <input_file id="fl-13b">
         <path>C:\TI\ccs2040\ccs\tools\compiler\ti-cgt-armllvm_4.0.4.LTS\lib\armv6m-ti-none-eabi\c\</path>
         <kind>archive</kind>
         <file>libsysbm.a</file>
         <name>trgmsg.c.obj</name>
      </input_file>
      <input_file id="fl-13c">
         <path>C:\TI\ccs2040\ccs\tools\compiler\ti-cgt-armllvm_4.0.4.LTS\lib\armv6m-ti-none-eabi\</path>
         <kind>archive</kind>
         <file>libclang_rt.builtins.a</file>
         <name>addsf3.S.obj</name>
      </input_file>
      <input_file id="fl-13d">
         <path>C:\TI\ccs2040\ccs\tools\compiler\ti-cgt-armllvm_4.0.4.LTS\lib\armv6m-ti-none-eabi\</path>
         <kind>archive</kind>
         <file>libclang_rt.builtins.a</file>
         <name>adddf3.S.obj</name>
      </input_file>
      <input_file id="fl-13e">
         <path>C:\TI\ccs2040\ccs\tools\compiler\ti-cgt-armllvm_4.0.4.LTS\lib\armv6m-ti-none-eabi\</path>
         <kind>archive</kind>
         <file>libclang_rt.builtins.a</file>
         <name>muldf3.S.obj</name>
      </input_file>
      <input_file id="fl-13f">
         <path>C:\TI\ccs2040\ccs\tools\compiler\ti-cgt-armllvm_4.0.4.LTS\lib\armv6m-ti-none-eabi\</path>
         <kind>archive</kind>
         <file>libclang_rt.builtins.a</file>
         <name>muldsi3.S.obj</name>
      </input_file>
      <input_file id="fl-140">
         <path>C:\TI\ccs2040\ccs\tools\compiler\ti-cgt-armllvm_4.0.4.LTS\lib\armv6m-ti-none-eabi\</path>
         <kind>archive</kind>
         <file>libclang_rt.builtins.a</file>
         <name>mulsf3.S.obj</name>
      </input_file>
      <input_file id="fl-141">
         <path>C:\TI\ccs2040\ccs\tools\compiler\ti-cgt-armllvm_4.0.4.LTS\lib\armv6m-ti-none-eabi\</path>
         <kind>archive</kind>
         <file>libclang_rt.builtins.a</file>
         <name>divsf3.S.obj</name>
      </input_file>
      <input_file id="fl-142">
         <path>C:\TI\ccs2040\ccs\tools\compiler\ti-cgt-armllvm_4.0.4.LTS\lib\armv6m-ti-none-eabi\</path>
         <kind>archive</kind>
         <file>libclang_rt.builtins.a</file>
         <name>divdf3.S.obj</name>
      </input_file>
      <input_file id="fl-143">
         <path>C:\TI\ccs2040\ccs\tools\compiler\ti-cgt-armllvm_4.0.4.LTS\lib\armv6m-ti-none-eabi\</path>
         <kind>archive</kind>
         <file>libclang_rt.builtins.a</file>
         <name>extendsfdf2.S.obj</name>
      </input_file>
      <input_file id="fl-144">
         <path>C:\TI\ccs2040\ccs\tools\compiler\ti-cgt-armllvm_4.0.4.LTS\lib\armv6m-ti-none-eabi\</path>
         <kind>archive</kind>
         <file>libclang_rt.builtins.a</file>
         <name>fixdfsi.S.obj</name>
      </input_file>
      <input_file id="fl-145">
         <path>C:\TI\ccs2040\ccs\tools\compiler\ti-cgt-armllvm_4.0.4.LTS\lib\armv6m-ti-none-eabi\</path>
         <kind>archive</kind>
         <file>libclang_rt.builtins.a</file>
         <name>floatsidf.S.obj</name>
      </input_file>
      <input_file id="fl-146">
         <path>C:\TI\ccs2040\ccs\tools\compiler\ti-cgt-armllvm_4.0.4.LTS\lib\armv6m-ti-none-eabi\</path>
         <kind>archive</kind>
         <file>libclang_rt.builtins.a</file>
         <name>muldi3.S.obj</name>
      </input_file>
      <input_file id="fl-147">
         <path>C:\TI\ccs2040\ccs\tools\compiler\ti-cgt-armllvm_4.0.4.LTS\lib\armv6m-ti-none-eabi\</path>
         <kind>archive</kind>
         <file>libclang_rt.builtins.a</file>
         <name>truncdfsf2.S.obj</name>
      </input_file>
      <input_file id="fl-148">
         <path>C:\TI\ccs2040\ccs\tools\compiler\ti-cgt-armllvm_4.0.4.LTS\lib\armv6m-ti-none-eabi\</path>
         <kind>archive</kind>
         <file>libclang_rt.builtins.a</file>
         <name>clzsi2.c.obj</name>
      </input_file>
      <input_file id="fl-149">
         <path>C:\TI\ccs2040\ccs\tools\compiler\ti-cgt-armllvm_4.0.4.LTS\lib\armv6m-ti-none-eabi\</path>
         <kind>archive</kind>
         <file>libclang_rt.builtins.a</file>
         <name>aeabi_dcmp.S.obj</name>
      </input_file>
      <input_file id="fl-14a">
         <path>C:\TI\ccs2040\ccs\tools\compiler\ti-cgt-armllvm_4.0.4.LTS\lib\armv6m-ti-none-eabi\</path>
         <kind>archive</kind>
         <file>libclang_rt.builtins.a</file>
         <name>aeabi_fcmp.S.obj</name>
      </input_file>
      <input_file id="fl-14b">
         <path>C:\TI\ccs2040\ccs\tools\compiler\ti-cgt-armllvm_4.0.4.LTS\lib\armv6m-ti-none-eabi\</path>
         <kind>archive</kind>
         <file>libclang_rt.builtins.a</file>
         <name>aeabi_idivmod.S.obj</name>
      </input_file>
      <input_file id="fl-14c">
         <path>C:\TI\ccs2040\ccs\tools\compiler\ti-cgt-armllvm_4.0.4.LTS\lib\armv6m-ti-none-eabi\</path>
         <kind>archive</kind>
         <file>libclang_rt.builtins.a</file>
         <name>aeabi_memcpy.S.obj</name>
      </input_file>
      <input_file id="fl-14d">
         <path>C:\TI\ccs2040\ccs\tools\compiler\ti-cgt-armllvm_4.0.4.LTS\lib\armv6m-ti-none-eabi\</path>
         <kind>archive</kind>
         <file>libclang_rt.builtins.a</file>
         <name>aeabi_memmove.S.obj</name>
      </input_file>
      <input_file id="fl-14e">
         <path>C:\TI\ccs2040\ccs\tools\compiler\ti-cgt-armllvm_4.0.4.LTS\lib\armv6m-ti-none-eabi\</path>
         <kind>archive</kind>
         <file>libclang_rt.builtins.a</file>
         <name>aeabi_memset.S.obj</name>
      </input_file>
      <input_file id="fl-14f">
         <path>C:\TI\ccs2040\ccs\tools\compiler\ti-cgt-armllvm_4.0.4.LTS\lib\armv6m-ti-none-eabi\</path>
         <kind>archive</kind>
         <file>libclang_rt.builtins.a</file>
         <name>aeabi_uidivmod.S.obj</name>
      </input_file>
      <input_file id="fl-150">
         <path>C:\TI\ccs2040\ccs\tools\compiler\ti-cgt-armllvm_4.0.4.LTS\lib\armv6m-ti-none-eabi\</path>
         <kind>archive</kind>
         <file>libclang_rt.builtins.a</file>
         <name>aeabi_uldivmod.S.obj</name>
      </input_file>
      <input_file id="fl-151">
         <path>C:\TI\ccs2040\ccs\tools\compiler\ti-cgt-armllvm_4.0.4.LTS\lib\armv6m-ti-none-eabi\</path>
         <kind>archive</kind>
         <file>libclang_rt.builtins.a</file>
         <name>comparesf2.S.obj</name>
      </input_file>
      <input_file id="fl-152">
         <path>C:\TI\ccs2040\ccs\tools\compiler\ti-cgt-armllvm_4.0.4.LTS\lib\armv6m-ti-none-eabi\</path>
         <kind>archive</kind>
         <file>libclang_rt.builtins.a</file>
         <name>udivmoddi4.S.obj</name>
      </input_file>
      <input_file id="fl-153">
         <path>C:\TI\ccs2040\ccs\tools\compiler\ti-cgt-armllvm_4.0.4.LTS\lib\armv6m-ti-none-eabi\</path>
         <kind>archive</kind>
         <file>libclang_rt.builtins.a</file>
         <name>ashldi3.S.obj</name>
      </input_file>
      <input_file id="fl-154">
         <path>C:\TI\ccs2040\ccs\tools\compiler\ti-cgt-armllvm_4.0.4.LTS\lib\armv6m-ti-none-eabi\</path>
         <kind>archive</kind>
         <file>libclang_rt.builtins.a</file>
         <name>comparedf2.c.obj</name>
      </input_file>
      <input_file id="fl-155">
         <path>C:\TI\ccs2040\ccs\tools\compiler\ti-cgt-armllvm_4.0.4.LTS\lib\armv6m-ti-none-eabi\</path>
         <kind>archive</kind>
         <file>libclang_rt.builtins.a</file>
         <name>aeabi_div0.c.obj</name>
      </input_file>
      <input_file id="fl-156">
         <path>C:\TI\ccs2040\ccs\tools\compiler\ti-cgt-armllvm_4.0.4.LTS\lib\armv6m-ti-none-eabi\c\</path>
         <kind>archive</kind>
         <file>libc.a</file>
         <name>getdevice.c.obj</name>
      </input_file>
      <input_file id="fl-157">
         <path>C:\TI\ccs2040\ccs\tools\compiler\ti-cgt-armllvm_4.0.4.LTS\lib\armv6m-ti-none-eabi\c\</path>
         <kind>archive</kind>
         <file>libc.a</file>
         <name>memcpy16.S.obj</name>
      </input_file>
      <input_file id="fl-158">
         <path>C:\TI\ccs2040\ccs\tools\compiler\ti-cgt-armllvm_4.0.4.LTS\lib\armv6m-ti-none-eabi\c\</path>
         <kind>archive</kind>
         <file>libc.a</file>
         <name>memset16.S.obj</name>
      </input_file>
      <input_file id="fl-159">
         <path>C:\TI\ccs2040\ccs\tools\compiler\ti-cgt-armllvm_4.0.4.LTS\lib\armv6m-ti-none-eabi\c\</path>
         <kind>archive</kind>
         <file>libc.a</file>
         <name>memmov.c.obj</name>
      </input_file>
   </input_file_list>
   <object_component_list>
      <object_component id="oc-18">
         <name>.intvecs</name>
         <load_address>0x0</load_address>
         <readonly>true</readonly>
         <run_address>0x0</run_address>
         <size>0xc0</size>
         <alignment>0x4</alignment>
         <input_file_ref idref="fl-15"/>
      </object_component>
      <object_component id="oc-cf">
         <name>.text.main</name>
         <load_address>0x11ae0</load_address>
         <readonly>true</readonly>
         <executable>true</executable>
         <run_address>0x11ae0</run_address>
         <size>0xc24</size>
         <alignment>0x4</alignment>
         <input_file_ref idref="fl-6"/>
      </object_component>
      <object_component id="oc-43">
         <name>.text.TIMG12_IRQHandler</name>
         <load_address>0x12704</load_address>
         <readonly>true</readonly>
         <executable>true</executable>
         <run_address>0x12704</run_address>
         <size>0xb34</size>
         <alignment>0x4</alignment>
         <input_file_ref idref="fl-6"/>
      </object_component>
      <object_component id="oc-302">
         <name>.text:__TI_printfi_minimal</name>
         <load_address>0x13238</load_address>
         <readonly>true</readonly>
         <executable>true</executable>
         <run_address>0x13238</run_address>
         <size>0x284</size>
         <alignment>0x4</alignment>
         <input_file_ref idref="fl-50"/>
      </object_component>
      <object_component id="oc-126">
         <name>.text._Z17ST7735_DrawBitmapssPKtss</name>
         <load_address>0x134bc</load_address>
         <readonly>true</readonly>
         <executable>true</executable>
         <run_address>0x134bc</run_address>
         <size>0x210</size>
         <alignment>0x4</alignment>
         <input_file_ref idref="fl-a"/>
      </object_component>
      <object_component id="oc-15d">
         <name>.text._Z15Clock_Init80MHzi</name>
         <load_address>0x136cc</load_address>
         <readonly>true</readonly>
         <executable>true</executable>
         <run_address>0x136cc</run_address>
         <size>0x1b4</size>
         <alignment>0x4</alignment>
         <input_file_ref idref="fl-1"/>
      </object_component>
      <object_component id="oc-1a9">
         <name>.text._Z16ST7735_DrawCharSsscssh</name>
         <load_address>0x13880</load_address>
         <readonly>true</readonly>
         <executable>true</executable>
         <run_address>0x13880</run_address>
         <size>0x1a0</size>
         <alignment>0x4</alignment>
         <input_file_ref idref="fl-a"/>
      </object_component>
      <object_component id="oc-127">
         <name>.text._Z21SmallFont_OutVerticaljss</name>
         <load_address>0x13a20</load_address>
         <readonly>true</readonly>
         <executable>true</executable>
         <run_address>0x13a20</run_address>
         <size>0x180</size>
         <alignment>0x4</alignment>
         <input_file_ref idref="fl-c"/>
      </object_component>
      <object_component id="oc-1f0">
         <name>.text._openfile</name>
         <load_address>0x13ba0</load_address>
         <readonly>true</readonly>
         <executable>true</executable>
         <run_address>0x13ba0</run_address>
         <size>0x154</size>
         <alignment>0x4</alignment>
         <input_file_ref idref="fl-38"/>
      </object_component>
      <object_component id="oc-112">
         <name>.text._Z13Language_Initv</name>
         <load_address>0x13cf4</load_address>
         <readonly>true</readonly>
         <executable>true</executable>
         <run_address>0x13cf4</run_address>
         <size>0x124</size>
         <alignment>0x4</alignment>
         <input_file_ref idref="fl-7"/>
      </object_component>
      <object_component id="oc-119">
         <name>.text._Z15ST7735_FillRectsssst</name>
         <load_address>0x13e18</load_address>
         <readonly>true</readonly>
         <executable>true</executable>
         <run_address>0x13e18</run_address>
         <size>0x118</size>
         <alignment>0x4</alignment>
         <input_file_ref idref="fl-a"/>
      </object_component>
      <object_component id="oc-268">
         <name>.text.aligned_alloc</name>
         <load_address>0x13f30</load_address>
         <readonly>true</readonly>
         <executable>true</executable>
         <run_address>0x13f30</run_address>
         <size>0x114</size>
         <alignment>0x4</alignment>
         <input_file_ref idref="fl-40"/>
      </object_component>
      <object_component id="oc-224">
         <name>.text._Z8SPI_Initv</name>
         <load_address>0x14044</load_address>
         <readonly>true</readonly>
         <executable>true</executable>
         <run_address>0x14044</run_address>
         <size>0xf8</size>
         <alignment>0x4</alignment>
         <input_file_ref idref="fl-9"/>
      </object_component>
      <object_component id="oc-30a">
         <name>.text.fputs</name>
         <load_address>0x1413c</load_address>
         <readonly>true</readonly>
         <executable>true</executable>
         <run_address>0x1413c</run_address>
         <size>0xf8</size>
         <alignment>0x4</alignment>
         <input_file_ref idref="fl-4d"/>
      </object_component>
      <object_component id="oc-10d">
         <name>.text._Z18ST7735_SetRotationh</name>
         <load_address>0x14234</load_address>
         <readonly>true</readonly>
         <executable>true</executable>
         <run_address>0x14234</run_address>
         <size>0xf4</size>
         <alignment>0x4</alignment>
         <input_file_ref idref="fl-a"/>
      </object_component>
      <object_component id="oc-166">
         <name>.text.add_device</name>
         <load_address>0x14328</load_address>
         <readonly>true</readonly>
         <executable>true</executable>
         <run_address>0x14328</run_address>
         <size>0xec</size>
         <alignment>0x4</alignment>
         <input_file_ref idref="fl-132"/>
      </object_component>
      <object_component id="oc-1f9">
         <name>.text.free</name>
         <load_address>0x14414</load_address>
         <readonly>true</readonly>
         <executable>true</executable>
         <run_address>0x14414</run_address>
         <size>0xe8</size>
         <alignment>0x4</alignment>
         <input_file_ref idref="fl-40"/>
      </object_component>
      <object_component id="oc-171">
         <name>.text.setvbuf</name>
         <load_address>0x144fc</load_address>
         <readonly>true</readonly>
         <executable>true</executable>
         <run_address>0x144fc</run_address>
         <size>0xe0</size>
         <alignment>0x4</alignment>
         <input_file_ref idref="fl-39"/>
      </object_component>
      <object_component id="oc-200">
         <name>.text._Z14ST7735_OutCharc</name>
         <load_address>0x145dc</load_address>
         <readonly>true</readonly>
         <executable>true</executable>
         <run_address>0x145dc</run_address>
         <size>0xd0</size>
         <alignment>0x4</alignment>
         <input_file_ref idref="fl-a"/>
      </object_component>
      <object_component id="oc-124">
         <name>.text._Z22ST7735_DrawSmallCirclesst</name>
         <load_address>0x146ac</load_address>
         <readonly>true</readonly>
         <executable>true</executable>
         <run_address>0x146ac</run_address>
         <size>0xc8</size>
         <alignment>0x4</alignment>
         <input_file_ref idref="fl-a"/>
      </object_component>
      <object_component id="oc-2d2">
         <name>.text._ZNSt3__112basic_stringIcNS_11char_traitsIcEENS_9allocatorIcEEE21__grow_by_and_replaceEjjjjjjPKc</name>
         <load_address>0x14774</load_address>
         <readonly>true</readonly>
         <executable>true</executable>
         <run_address>0x14774</run_address>
         <size>0xc4</size>
         <alignment>0x4</alignment>
         <input_file_ref idref="fl-f8"/>
      </object_component>
      <object_component id="oc-ba">
         <name>.text._Z9Game_Initv</name>
         <load_address>0x14838</load_address>
         <readonly>true</readonly>
         <executable>true</executable>
         <run_address>0x14838</run_address>
         <size>0xbc</size>
         <alignment>0x4</alignment>
         <input_file_ref idref="fl-3"/>
      </object_component>
      <object_component id="oc-39">
         <name>.text.SysTick_Handler</name>
         <load_address>0x148f4</load_address>
         <readonly>true</readonly>
         <executable>true</executable>
         <run_address>0x148f4</run_address>
         <size>0xac</size>
         <alignment>0x4</alignment>
         <input_file_ref idref="fl-e"/>
      </object_component>
      <object_component id="oc-190">
         <name>.text._Z8DAC_Initv</name>
         <load_address>0x149a0</load_address>
         <readonly>true</readonly>
         <executable>true</executable>
         <run_address>0x149a0</run_address>
         <size>0xa8</size>
         <alignment>0x4</alignment>
         <input_file_ref idref="fl-e"/>
      </object_component>
      <object_component id="oc-1da">
         <name>.text._ZL11commandListPKh</name>
         <load_address>0x14a48</load_address>
         <readonly>true</readonly>
         <executable>true</executable>
         <run_address>0x14a48</run_address>
         <size>0xa2</size>
         <alignment>0x2</alignment>
         <input_file_ref idref="fl-a"/>
      </object_component>
      <object_component id="oc-20e">
         <name>.text.__aeabi_idiv0</name>
         <load_address>0x14aea</load_address>
         <readonly>true</readonly>
         <executable>true</executable>
         <run_address>0x14aea</run_address>
         <size>0x2</size>
         <alignment>0x2</alignment>
         <input_file_ref idref="fl-155"/>
      </object_component>
      <object_component id="oc-107">
         <name>.text._Z17ST7735_InitPrintf10initRFlags</name>
         <load_address>0x14aec</load_address>
         <readonly>true</readonly>
         <executable>true</executable>
         <run_address>0x14aec</run_address>
         <size>0xa0</size>
         <alignment>0x4</alignment>
         <input_file_ref idref="fl-a"/>
      </object_component>
      <object_component id="oc-250">
         <name>.text.open</name>
         <load_address>0x14b8c</load_address>
         <readonly>true</readonly>
         <executable>true</executable>
         <run_address>0x14b8c</run_address>
         <size>0xa0</size>
         <alignment>0x4</alignment>
         <input_file_ref idref="fl-12f"/>
      </object_component>
      <object_component id="oc-1d1">
         <name>.text.atexit_register</name>
         <load_address>0x14c2c</load_address>
         <readonly>true</readonly>
         <executable>true</executable>
         <run_address>0x14c2c</run_address>
         <size>0x9c</size>
         <alignment>0x4</alignment>
         <input_file_ref idref="fl-3b"/>
      </object_component>
      <object_component id="oc-310">
         <name>.text.fputc</name>
         <load_address>0x14cc8</load_address>
         <readonly>true</readonly>
         <executable>true</executable>
         <run_address>0x14cc8</run_address>
         <size>0x9c</size>
         <alignment>0x4</alignment>
         <input_file_ref idref="fl-10d"/>
      </object_component>
      <object_component id="oc-165">
         <name>.text._Z12ST7735_InitR10initRFlags</name>
         <load_address>0x14d64</load_address>
         <readonly>true</readonly>
         <executable>true</executable>
         <run_address>0x14d64</run_address>
         <size>0x98</size>
         <alignment>0x4</alignment>
         <input_file_ref idref="fl-a"/>
      </object_component>
      <object_component id="oc-113">
         <name>.text._Z15TimerG12_IntArmjj</name>
         <load_address>0x14dfc</load_address>
         <readonly>true</readonly>
         <executable>true</executable>
         <run_address>0x14dfc</run_address>
         <size>0x94</size>
         <alignment>0x4</alignment>
         <input_file_ref idref="fl-11"/>
      </object_component>
      <object_component id="oc-1a8">
         <name>.text._ZL13setAddrWindowhhhh</name>
         <load_address>0x14e90</load_address>
         <readonly>true</readonly>
         <executable>true</executable>
         <run_address>0x14e90</run_address>
         <size>0x88</size>
         <alignment>0x4</alignment>
         <input_file_ref idref="fl-a"/>
      </object_component>
      <object_component id="oc-6b">
         <name>.text._GLOBAL__sub_I_Language.cpp</name>
         <load_address>0x14f18</load_address>
         <readonly>true</readonly>
         <executable>true</executable>
         <run_address>0x14f18</run_address>
         <size>0x8</size>
         <alignment>0x2</alignment>
         <input_file_ref idref="fl-7"/>
      </object_component>
      <object_component id="oc-228">
         <name>.text:strcmp</name>
         <load_address>0x14f20</load_address>
         <readonly>true</readonly>
         <executable>true</executable>
         <run_address>0x14f20</run_address>
         <size>0x88</size>
         <alignment>0x10</alignment>
         <input_file_ref idref="fl-128"/>
      </object_component>
      <object_component id="oc-11a">
         <name>.text._Z17ST7735_DrawStringttPKcs</name>
         <load_address>0x14fa8</load_address>
         <readonly>true</readonly>
         <executable>true</executable>
         <run_address>0x14fa8</run_address>
         <size>0x84</size>
         <alignment>0x2</alignment>
         <input_file_ref idref="fl-a"/>
      </object_component>
      <object_component id="oc-8f">
         <name>.text._ZN8SlidePot7TriggerEv</name>
         <load_address>0x1502c</load_address>
         <readonly>true</readonly>
         <executable>true</executable>
         <run_address>0x1502c</run_address>
         <size>0x84</size>
         <alignment>0x4</alignment>
         <input_file_ref idref="fl-b"/>
      </object_component>
      <object_component id="oc-102">
         <name>.text._Z14LaunchPad_Initv</name>
         <load_address>0x150b0</load_address>
         <readonly>true</readonly>
         <executable>true</executable>
         <run_address>0x150b0</run_address>
         <size>0x7c</size>
         <alignment>0x4</alignment>
         <input_file_ref idref="fl-8"/>
      </object_component>
      <object_component id="oc-10f">
         <name>.text._Z9ADC1_Initv</name>
         <load_address>0x1512c</load_address>
         <readonly>true</readonly>
         <executable>true</executable>
         <run_address>0x1512c</run_address>
         <size>0x7c</size>
         <alignment>0x4</alignment>
         <input_file_ref idref="fl-b"/>
      </object_component>
      <object_component id="oc-1f3">
         <name>.text.__TI_closefile</name>
         <load_address>0x151a8</load_address>
         <readonly>true</readonly>
         <executable>true</executable>
         <run_address>0x151a8</run_address>
         <size>0x7c</size>
         <alignment>0x4</alignment>
         <input_file_ref idref="fl-4b"/>
      </object_component>
      <object_component id="oc-1c">
         <name>.text:decompress:lzss</name>
         <load_address>0x15224</load_address>
         <readonly>true</readonly>
         <executable>true</executable>
         <run_address>0x15224</run_address>
         <size>0x7c</size>
         <alignment>0x4</alignment>
         <input_file_ref idref="fl-49"/>
      </object_component>
      <object_component id="oc-10e">
         <name>.text._Z9ADC0_Initv</name>
         <load_address>0x152a0</load_address>
         <readonly>true</readonly>
         <executable>true</executable>
         <run_address>0x152a0</run_address>
         <size>0x78</size>
         <alignment>0x4</alignment>
         <input_file_ref idref="fl-b"/>
      </object_component>
      <object_component id="oc-207">
         <name>.text._Z16ST7735_DrawPixelsst</name>
         <load_address>0x15318</load_address>
         <readonly>true</readonly>
         <executable>true</executable>
         <run_address>0x15318</run_address>
         <size>0x70</size>
         <alignment>0x4</alignment>
         <input_file_ref idref="fl-a"/>
      </object_component>
      <object_component id="oc-23e">
         <name>.text.HOSTlseek</name>
         <load_address>0x15388</load_address>
         <readonly>true</readonly>
         <executable>true</executable>
         <run_address>0x15388</run_address>
         <size>0x6c</size>
         <alignment>0x4</alignment>
         <input_file_ref idref="fl-135"/>
      </object_component>
      <object_component id="oc-246">
         <name>.text.HOSTrename</name>
         <load_address>0x153f4</load_address>
         <readonly>true</readonly>
         <executable>true</executable>
         <run_address>0x153f4</run_address>
         <size>0x6c</size>
         <alignment>0x4</alignment>
         <input_file_ref idref="fl-138"/>
      </object_component>
      <object_component id="oc-27a">
         <name>.text.__cxa_finalize</name>
         <load_address>0x15460</load_address>
         <readonly>true</readonly>
         <executable>true</executable>
         <run_address>0x15460</run_address>
         <size>0x6c</size>
         <alignment>0x4</alignment>
         <input_file_ref idref="fl-3b"/>
      </object_component>
      <object_component id="oc-3b1">
         <name>.text.fseeko</name>
         <load_address>0x154cc</load_address>
         <readonly>true</readonly>
         <executable>true</executable>
         <run_address>0x154cc</run_address>
         <size>0x6c</size>
         <alignment>0x4</alignment>
         <input_file_ref idref="fl-51"/>
      </object_component>
      <object_component id="oc-29c">
         <name>.text.getdevice</name>
         <load_address>0x15538</load_address>
         <readonly>true</readonly>
         <executable>true</executable>
         <run_address>0x15538</run_address>
         <size>0x6c</size>
         <alignment>0x4</alignment>
         <input_file_ref idref="fl-156"/>
      </object_component>
      <object_component id="oc-2b9">
         <name>.text._ZNSt3__112basic_stringIcNS_11char_traitsIcEENS_9allocatorIcEEE17__assign_externalEPKcj</name>
         <load_address>0x155a4</load_address>
         <readonly>true</readonly>
         <executable>true</executable>
         <run_address>0x155a4</run_address>
         <size>0x68</size>
         <alignment>0x2</alignment>
         <input_file_ref idref="fl-f8"/>
      </object_component>
      <object_component id="oc-33d">
         <name>.text.__TI_wrt_ok</name>
         <load_address>0x1560c</load_address>
         <readonly>true</readonly>
         <executable>true</executable>
         <run_address>0x1560c</run_address>
         <size>0x64</size>
         <alignment>0x2</alignment>
         <input_file_ref idref="fl-4e"/>
      </object_component>
      <object_component id="oc-2b3">
         <name>.text.split</name>
         <load_address>0x15670</load_address>
         <readonly>true</readonly>
         <executable>true</executable>
         <run_address>0x15670</run_address>
         <size>0x64</size>
         <alignment>0x4</alignment>
         <input_file_ref idref="fl-40"/>
      </object_component>
      <object_component id="oc-22e">
         <name>.text.HOSTopen</name>
         <load_address>0x156d4</load_address>
         <readonly>true</readonly>
         <executable>true</executable>
         <run_address>0x156d4</run_address>
         <size>0x60</size>
         <alignment>0x4</alignment>
         <input_file_ref idref="fl-136"/>
      </object_component>
      <object_component id="oc-236">
         <name>.text.HOSTread</name>
         <load_address>0x15734</load_address>
         <readonly>true</readonly>
         <executable>true</executable>
         <run_address>0x15734</run_address>
         <size>0x58</size>
         <alignment>0x4</alignment>
         <input_file_ref idref="fl-137"/>
      </object_component>
      <object_component id="oc-23a">
         <name>.text.HOSTwrite</name>
         <load_address>0x1578c</load_address>
         <readonly>true</readonly>
         <executable>true</executable>
         <run_address>0x1578c</run_address>
         <size>0x58</size>
         <alignment>0x4</alignment>
         <input_file_ref idref="fl-13a"/>
      </object_component>
      <object_component id="oc-13e">
         <name>.text:__TI_auto_init_nobinit</name>
         <load_address>0x157e4</load_address>
         <readonly>true</readonly>
         <executable>true</executable>
         <run_address>0x157e4</run_address>
         <size>0x54</size>
         <alignment>0x4</alignment>
         <input_file_ref idref="fl-44"/>
      </object_component>
      <object_component id="oc-254">
         <name>.text.__TI_doflush</name>
         <load_address>0x15838</load_address>
         <readonly>true</readonly>
         <executable>true</executable>
         <run_address>0x15838</run_address>
         <size>0x52</size>
         <alignment>0x2</alignment>
         <input_file_ref idref="fl-4c"/>
      </object_component>
      <object_component id="oc-216">
         <name>.text._nop</name>
         <load_address>0x1588a</load_address>
         <readonly>true</readonly>
         <executable>true</executable>
         <run_address>0x1588a</run_address>
         <size>0x2</size>
         <alignment>0x2</alignment>
         <input_file_ref idref="fl-3d"/>
      </object_component>
      <object_component id="oc-118">
         <name>.text._Z11Switch_Initv</name>
         <load_address>0x1588c</load_address>
         <readonly>true</readonly>
         <executable>true</executable>
         <run_address>0x1588c</run_address>
         <size>0x50</size>
         <alignment>0x4</alignment>
         <input_file_ref idref="fl-f"/>
      </object_component>
      <object_component id="oc-25a">
         <name>.text.close</name>
         <load_address>0x158dc</load_address>
         <readonly>true</readonly>
         <executable>true</executable>
         <run_address>0x158dc</run_address>
         <size>0x50</size>
         <alignment>0x4</alignment>
         <input_file_ref idref="fl-131"/>
      </object_component>
      <object_component id="oc-14a">
         <name>.text._ZN6PlayerC2Ej</name>
         <load_address>0x1592c</load_address>
         <readonly>true</readonly>
         <executable>true</executable>
         <run_address>0x1592c</run_address>
         <size>0x4c</size>
         <alignment>0x2</alignment>
         <input_file_ref idref="fl-3"/>
      </object_component>
      <object_component id="oc-2ef">
         <name>.text.vfprintf</name>
         <load_address>0x15978</load_address>
         <readonly>true</readonly>
         <executable>true</executable>
         <run_address>0x15978</run_address>
         <size>0x4c</size>
         <alignment>0x4</alignment>
         <input_file_ref idref="fl-10b"/>
      </object_component>
      <object_component id="oc-232">
         <name>.text.HOSTclose</name>
         <load_address>0x159c4</load_address>
         <readonly>true</readonly>
         <executable>true</executable>
         <run_address>0x159c4</run_address>
         <size>0x48</size>
         <alignment>0x4</alignment>
         <input_file_ref idref="fl-134"/>
      </object_component>
      <object_component id="oc-242">
         <name>.text.HOSTunlink</name>
         <load_address>0x15a0c</load_address>
         <readonly>true</readonly>
         <executable>true</executable>
         <run_address>0x15a0c</run_address>
         <size>0x48</size>
         <alignment>0x4</alignment>
         <input_file_ref idref="fl-139"/>
      </object_component>
      <object_component id="oc-186">
         <name>.text._Z14SPI_OutCommandc</name>
         <load_address>0x15a54</load_address>
         <readonly>true</readonly>
         <executable>true</executable>
         <run_address>0x15a54</run_address>
         <size>0x48</size>
         <alignment>0x4</alignment>
         <input_file_ref idref="fl-9"/>
      </object_component>
      <object_component id="oc-11b">
         <name>.text._Z18Language_GetPhrasej</name>
         <load_address>0x15a9c</load_address>
         <readonly>true</readonly>
         <executable>true</executable>
         <run_address>0x15a9c</run_address>
         <size>0x48</size>
         <alignment>0x4</alignment>
         <input_file_ref idref="fl-7"/>
      </object_component>
      <object_component id="oc-84">
         <name>.text._Z9Switch_Inv</name>
         <load_address>0x15ae4</load_address>
         <readonly>true</readonly>
         <executable>true</executable>
         <run_address>0x15ae4</run_address>
         <size>0x48</size>
         <alignment>0x4</alignment>
         <input_file_ref idref="fl-f"/>
      </object_component>
      <object_component id="oc-bb">
         <name>.text._ZN6Player13Player_reInitEv</name>
         <load_address>0x15b2c</load_address>
         <readonly>true</readonly>
         <executable>true</executable>
         <run_address>0x15b2c</run_address>
         <size>0x42</size>
         <alignment>0x2</alignment>
         <input_file_ref idref="fl-3"/>
      </object_component>
      <object_component id="oc-3e">
         <name>.text.TIMG7_IRQHandler</name>
         <load_address>0x15b70</load_address>
         <readonly>true</readonly>
         <executable>true</executable>
         <run_address>0x15b70</run_address>
         <size>0x40</size>
         <alignment>0x4</alignment>
         <input_file_ref idref="fl-10"/>
      </object_component>
      <object_component id="oc-18f">
         <name>.text._Z14SysTick_IntArmjj</name>
         <load_address>0x15bb0</load_address>
         <readonly>true</readonly>
         <executable>true</executable>
         <run_address>0x15bb0</run_address>
         <size>0x40</size>
         <alignment>0x4</alignment>
         <input_file_ref idref="fl-e"/>
      </object_component>
      <object_component id="oc-27c">
         <name>.text._Z9SPI_Resetv</name>
         <load_address>0x15bf0</load_address>
         <readonly>true</readonly>
         <executable>true</executable>
         <run_address>0x15bf0</run_address>
         <size>0x40</size>
         <alignment>0x4</alignment>
         <input_file_ref idref="fl-9"/>
      </object_component>
      <object_component id="oc-1b5">
         <name>.text.__aeabi_uidivmod</name>
         <load_address>0x15c30</load_address>
         <readonly>true</readonly>
         <executable>true</executable>
         <run_address>0x15c30</run_address>
         <size>0x40</size>
         <alignment>0x4</alignment>
         <input_file_ref idref="fl-14f"/>
      </object_component>
      <object_component id="oc-1ef">
         <name>.text._search_fp</name>
         <load_address>0x15c70</load_address>
         <readonly>true</readonly>
         <executable>true</executable>
         <run_address>0x15c70</run_address>
         <size>0x40</size>
         <alignment>0x4</alignment>
         <input_file_ref idref="fl-38"/>
      </object_component>
      <object_component id="oc-94">
         <name>.text._ZN8SlidePot2InEv</name>
         <load_address>0x15cb0</load_address>
         <readonly>true</readonly>
         <executable>true</executable>
         <run_address>0x15cb0</run_address>
         <size>0x3c</size>
         <alignment>0x4</alignment>
         <input_file_ref idref="fl-b"/>
      </object_component>
      <object_component id="oc-209">
         <name>.text._ZNSt3__112basic_stringIcNS_11char_traitsIcEENS_9allocatorIcEEE25__init_copy_ctor_externalEPKcj</name>
         <load_address>0x15cec</load_address>
         <readonly>true</readonly>
         <executable>true</executable>
         <run_address>0x15cec</run_address>
         <size>0x3c</size>
         <alignment>0x2</alignment>
         <input_file_ref idref="fl-f8"/>
      </object_component>
      <object_component id="oc-de">
         <name>.text.__cxx_global_var_init</name>
         <load_address>0x15d28</load_address>
         <readonly>true</readonly>
         <executable>true</executable>
         <run_address>0x15d28</run_address>
         <size>0x3c</size>
         <alignment>0x4</alignment>
         <input_file_ref idref="fl-7"/>
      </object_component>
      <object_component id="oc-18b">
         <name>.text._Z11SPI_OutDatac</name>
         <load_address>0x15d64</load_address>
         <readonly>true</readonly>
         <executable>true</executable>
         <run_address>0x15d64</run_address>
         <size>0x38</size>
         <alignment>0x4</alignment>
         <input_file_ref idref="fl-9"/>
      </object_component>
      <object_component id="oc-162">
         <name>.text._Z15ActivatePortA_Bv</name>
         <load_address>0x15d9c</load_address>
         <readonly>true</readonly>
         <executable>true</executable>
         <run_address>0x15d9c</run_address>
         <size>0x38</size>
         <alignment>0x4</alignment>
         <input_file_ref idref="fl-8"/>
      </object_component>
      <object_component id="oc-8e">
         <name>.text._Z15Sound_PlayMusicPKtj</name>
         <load_address>0x15dd4</load_address>
         <readonly>true</readonly>
         <executable>true</executable>
         <run_address>0x15dd4</run_address>
         <size>0x38</size>
         <alignment>0x4</alignment>
         <input_file_ref idref="fl-e"/>
      </object_component>
      <object_component id="oc-8c">
         <name>.text._Z16Sound_PlayEffectPKtj</name>
         <load_address>0x15e0c</load_address>
         <readonly>true</readonly>
         <executable>true</executable>
         <run_address>0x15e0c</run_address>
         <size>0x38</size>
         <alignment>0x4</alignment>
         <input_file_ref idref="fl-e"/>
      </object_component>
      <object_component id="oc-178">
         <name>.text._Z12ST7735_writeiPKcj</name>
         <load_address>0x15e44</load_address>
         <readonly>true</readonly>
         <executable>true</executable>
         <run_address>0x15e44</run_address>
         <size>0x34</size>
         <alignment>0x2</alignment>
         <input_file_ref idref="fl-a"/>
      </object_component>
      <object_component id="oc-225">
         <name>.text._Z14Clock_Delay1msj</name>
         <load_address>0x15e78</load_address>
         <readonly>true</readonly>
         <executable>true</executable>
         <run_address>0x15e78</run_address>
         <size>0x34</size>
         <alignment>0x4</alignment>
         <input_file_ref idref="fl-1"/>
      </object_component>
      <object_component id="oc-1db">
         <name>.text._Z16ST7735_SetCursorjj</name>
         <load_address>0x15eac</load_address>
         <readonly>true</readonly>
         <executable>true</executable>
         <run_address>0x15eac</run_address>
         <size>0x34</size>
         <alignment>0x4</alignment>
         <input_file_ref idref="fl-a"/>
      </object_component>
      <object_component id="oc-1fc">
         <name>.text.__TI_cleanup</name>
         <load_address>0x15ee0</load_address>
         <readonly>true</readonly>
         <executable>true</executable>
         <run_address>0x15ee0</run_address>
         <size>0x34</size>
         <alignment>0x4</alignment>
         <input_file_ref idref="fl-38"/>
      </object_component>
      <object_component id="oc-284">
         <name>.text.__TI_readmsg</name>
         <load_address>0x15f14</load_address>
         <readonly>true</readonly>
         <executable>true</executable>
         <run_address>0x15f14</run_address>
         <size>0x34</size>
         <alignment>0x4</alignment>
         <input_file_ref idref="fl-13b"/>
      </object_component>
      <object_component id="oc-27e">
         <name>.text.__TI_writemsg</name>
         <load_address>0x15f48</load_address>
         <readonly>true</readonly>
         <executable>true</executable>
         <run_address>0x15f48</run_address>
         <size>0x34</size>
         <alignment>0x4</alignment>
         <input_file_ref idref="fl-13b"/>
      </object_component>
      <object_component id="oc-136">
         <name>.text.exit</name>
         <load_address>0x15f7c</load_address>
         <readonly>true</readonly>
         <executable>true</executable>
         <run_address>0x15f7c</run_address>
         <size>0x34</size>
         <alignment>0x4</alignment>
         <input_file_ref idref="fl-3c"/>
      </object_component>
      <object_component id="oc-1e3">
         <name>.text.finddevice</name>
         <load_address>0x15fb0</load_address>
         <readonly>true</readonly>
         <executable>true</executable>
         <run_address>0x15fb0</run_address>
         <size>0x34</size>
         <alignment>0x4</alignment>
         <input_file_ref idref="fl-156"/>
      </object_component>
      <object_component id="oc-170">
         <name>.text.freopen</name>
         <load_address>0x15fe4</load_address>
         <readonly>true</readonly>
         <executable>true</executable>
         <run_address>0x15fe4</run_address>
         <size>0x34</size>
         <alignment>0x4</alignment>
         <input_file_ref idref="fl-38"/>
      </object_component>
      <object_component id="oc-123">
         <name>.text._Z15ST7735_Color565hhh</name>
         <load_address>0x16018</load_address>
         <readonly>true</readonly>
         <executable>true</executable>
         <run_address>0x16018</run_address>
         <size>0x32</size>
         <alignment>0x2</alignment>
         <input_file_ref idref="fl-a"/>
      </object_component>
      <object_component id="oc-1d9">
         <name>.text._ZL10commonInitPKh</name>
         <load_address>0x1604c</load_address>
         <readonly>true</readonly>
         <executable>true</executable>
         <run_address>0x1604c</run_address>
         <size>0x30</size>
         <alignment>0x4</alignment>
         <input_file_ref idref="fl-a"/>
      </object_component>
      <object_component id="oc-b2">
         <name>.text._ZN6Player8IsAttackEv</name>
         <load_address>0x1607c</load_address>
         <readonly>true</readonly>
         <executable>true</executable>
         <run_address>0x1607c</run_address>
         <size>0x30</size>
         <alignment>0x2</alignment>
         <input_file_ref idref="fl-3"/>
      </object_component>
      <object_component id="oc-16a">
         <name>.text.fopen</name>
         <load_address>0x160ac</load_address>
         <readonly>true</readonly>
         <executable>true</executable>
         <run_address>0x160ac</run_address>
         <size>0x30</size>
         <alignment>0x4</alignment>
         <input_file_ref idref="fl-38"/>
      </object_component>
      <object_component id="oc-20a">
         <name>.text._ZNKSt3__112basic_stringIcNS_11char_traitsIcEENS_9allocatorIcEEE13__get_pointerB8nn180100Ev</name>
         <load_address>0x160dc</load_address>
         <readonly>true</readonly>
         <executable>true</executable>
         <run_address>0x160dc</run_address>
         <size>0x2e</size>
         <alignment>0x2</alignment>
         <input_file_ref idref="fl-6"/>
      </object_component>
      <object_component id="oc-10c">
         <name>.text._Z17ST7735_FillScreent</name>
         <load_address>0x1610c</load_address>
         <readonly>true</readonly>
         <executable>true</executable>
         <run_address>0x1610c</run_address>
         <size>0x2c</size>
         <alignment>0x4</alignment>
         <input_file_ref idref="fl-a"/>
      </object_component>
      <object_component id="oc-154">
         <name>.text.__cxx_global_array_dtor</name>
         <load_address>0x16138</load_address>
         <readonly>true</readonly>
         <executable>true</executable>
         <run_address>0x16138</run_address>
         <size>0x2c</size>
         <alignment>0x4</alignment>
         <input_file_ref idref="fl-7"/>
      </object_component>
      <object_component id="oc-2ab">
         <name>.text.unlink</name>
         <load_address>0x16164</load_address>
         <readonly>true</readonly>
         <executable>true</executable>
         <run_address>0x16164</run_address>
         <size>0x2c</size>
         <alignment>0x4</alignment>
         <input_file_ref idref="fl-133"/>
      </object_component>
      <object_component id="oc-267">
         <name>.text.free_list_insert</name>
         <load_address>0x16190</load_address>
         <readonly>true</readonly>
         <executable>true</executable>
         <run_address>0x16190</run_address>
         <size>0x28</size>
         <alignment>0x4</alignment>
         <input_file_ref idref="fl-40"/>
      </object_component>
      <object_component id="oc-3b6">
         <name>.text.lseek</name>
         <load_address>0x161b8</load_address>
         <readonly>true</readonly>
         <executable>true</executable>
         <run_address>0x161b8</run_address>
         <size>0x28</size>
         <alignment>0x4</alignment>
         <input_file_ref idref="fl-130"/>
      </object_component>
[...]
      </symbol>
      <symbol id="sm-2ab">
         <name>I2C0_IRQHandler</name>
         <value>0x16369</value>
         <object_component_ref idref="oc-37"/>
      </symbol>
      <symbol id="sm-2ac">
         <name>I2C1_IRQHandler</name>
         <value>0x16369</value>
         <object_component_ref idref="oc-37"/>
      </symbol>
      <symbol id="sm-2ad">
         <name>AES_IRQHandler</name>
         <value>0x16369</value>
         <object_component_ref idref="oc-37"/>
      </symbol>
      <symbol id="sm-2ae">
         <name>RTC_IRQHandler</name>
         <value>0x16369</value>
         <object_component_ref idref="oc-37"/>
      </symbol>
      <symbol id="sm-2af">
         <name>DMA_IRQHandler</name>
         <value>0x16369</value>
         <object_component_ref idref="oc-37"/>
      </symbol>
      <symbol id="sm-2b0">
         <name>__TI_ATRegion0_src_addr</name>
         <value>0x0</value>
      </symbol>
      <symbol id="sm-2b1">
         <name>__TI_ATRegion0_trg_addr</name>
         <value>0x0</value>
      </symbol>
      <symbol id="sm-2b2">
         <name>__TI_ATRegion0_region_sz</name>
         <value>0x0</value>
      </symbol>
      <symbol id="sm-2b3">
         <name>__TI_ATRegion1_src_addr</name>
         <value>0x0</value>
      </symbol>
      <symbol id="sm-2b4">
         <name>__TI_ATRegion1_trg_addr</name>
         <value>0x0</value>
      </symbol>
      <symbol id="sm-2b5">
         <name>__TI_ATRegion1_region_sz</name>
         <value>0x0</value>
      </symbol>
      <symbol id="sm-2b6">
         <name>__TI_ATRegion2_src_addr</name>
         <value>0x0</value>
      </symbol>
      <symbol id="sm-2b7">
         <name>__TI_ATRegion2_trg_addr</name>
         <value>0x0</value>
      </symbol>
      <symbol id="sm-2b8">
         <name>__TI_ATRegion2_region_sz</name>
         <value>0x0</value>
      </symbol>
      <symbol id="sm-2d1">
         <name>fopen</name>
         <value>0x160ad</value>
         <object_component_ref idref="oc-16a"/>
      </symbol>
      <symbol id="sm-2d2">
         <name>__TI_cleanup</name>
         <value>0x15ee1</value>
         <object_component_ref idref="oc-1fc"/>
      </symbol>
      <symbol id="sm-2d3">
         <name>freopen</name>
         <value>0x15fe5</value>
         <object_component_ref idref="oc-170"/>
      </symbol>
      <symbol id="sm-2dd">
         <name>setvbuf</name>
         <value>0x144fd</value>
         <object_component_ref idref="oc-171"/>
      </symbol>
      <symbol id="sm-2f5">
         <name>__cxa_ia64_exit</name>
         <value>0x16841</value>
         <object_component_ref idref="oc-221"/>
      </symbol>
      <symbol id="sm-2f6">
         <name>__cxa_atexit</name>
         <value>0x16565</value>
         <object_component_ref idref="oc-14d"/>
      </symbol>
      <symbol id="sm-2f7">
         <name>__cxa_finalize</name>
         <value>0x15461</value>
         <object_component_ref idref="oc-27a"/>
      </symbol>
      <symbol id="sm-305">
         <name>abort</name>
         <value>0x16869</value>
         <object_component_ref idref="oc-131"/>
      </symbol>
      <symbol id="sm-306">
         <name>__dso_handle</name>
         <value>0x20200364</value>
         <object_component_ref idref="oc-155"/>
      </symbol>
      <symbol id="sm-307">
         <name>__TI_cleanup_ptr</name>
         <value>0x20200330</value>
         <object_component_ref idref="oc-1c8"/>
      </symbol>
      <symbol id="sm-308">
         <name>__TI_dtors_ptr</name>
         <value>0x20200334</value>
         <object_component_ref idref="oc-1c8"/>
      </symbol>
      <symbol id="sm-309">
         <name>exit</name>
         <value>0x15f7d</value>
         <object_component_ref idref="oc-136"/>
      </symbol>
      <symbol id="sm-312">
         <name>_nop</name>
         <value>0x1588b</value>
         <object_component_ref idref="oc-216"/>
      </symbol>
      <symbol id="sm-313">
         <name>_lock</name>
         <value>0x20200368</value>
         <object_component_ref idref="oc-1c6"/>
      </symbol>
      <symbol id="sm-314">
         <name>_unlock</name>
         <value>0x2020036c</value>
         <object_component_ref idref="oc-1c9"/>
      </symbol>
      <symbol id="sm-31a">
         <name>_ftable</name>
         <value>0x20200000</value>
         <object_component_ref idref="oc-17f"/>
      </symbol>
      <symbol id="sm-31b">
         <name>__TI_ft_end</name>
         <value>0x2020035c</value>
         <object_component_ref idref="oc-24f"/>
      </symbol>
      <symbol id="sm-31c">
         <name>__TI_tmpnams</name>
         <value>0x202004a4</value>
         <object_component_ref idref="oc-262"/>
      </symbol>
      <symbol id="sm-33f">
         <name>malloc</name>
         <value>0x167c5</value>
         <object_component_ref idref="oc-1fb"/>
      </symbol>
      <symbol id="sm-340">
         <name>aligned_alloc</name>
         <value>0x13f31</value>
         <object_component_ref idref="oc-268"/>
      </symbol>
      <symbol id="sm-341">
         <name>free</name>
         <value>0x14415</value>
         <object_component_ref idref="oc-1f9"/>
      </symbol>
      <symbol id="sm-342">
         <name>_sys_memory</name>
         <value>0x20200650</value>
         <object_component_ref idref="oc-31"/>
      </symbol>
      <symbol id="sm-343">
         <name>memalign</name>
         <value>0x13f31</value>
         <object_component_ref idref="oc-268"/>
      </symbol>
      <symbol id="sm-34c">
         <name>strlen</name>
         <value>0x166e7</value>
         <object_component_ref idref="oc-2b5"/>
      </symbol>
      <symbol id="sm-357">
         <name>_c_int00_noargs</name>
         <value>0x16231</value>
         <object_component_ref idref="oc-63"/>
      </symbol>
      <symbol id="sm-358">
         <name>__stack</name>
         <value>0x20207e00</value>
         <object_component_ref idref="oc-1a"/>
      </symbol>
      <symbol id="sm-364">
         <name>__TI_auto_init_nobinit</name>
         <value>0x157e5</value>
         <object_component_ref idref="oc-13e"/>
      </symbol>
      <symbol id="sm-36c">
         <name>_system_pre_init</name>
         <value>0x16877</value>
         <object_component_ref idref="oc-cb"/>
      </symbol>
      <symbol id="sm-377">
         <name>__TI_zero_init_nomemset</name>
         <value>0x16499</value>
         <object_component_ref idref="oc-5a"/>
      </symbol>
      <symbol id="sm-380">
         <name>__TI_decompress_none</name>
         <value>0x165af</value>
         <object_component_ref idref="oc-20"/>
      </symbol>
      <symbol id="sm-38b">
         <name>__TI_decompress_lzss</name>
         <value>0x15225</value>
         <object_component_ref idref="oc-1c"/>
      </symbol>
      <symbol id="sm-397">
         <name>__TI_closefile</name>
         <value>0x151a9</value>
         <object_component_ref idref="oc-1f3"/>
      </symbol>
      <symbol id="sm-3a1">
         <name>__TI_doflush</name>
         <value>0x15839</value>
         <object_component_ref idref="oc-254"/>
      </symbol>
      <symbol id="sm-3ac">
         <name>fputs</name>
         <value>0x1413d</value>
         <object_component_ref idref="oc-30a"/>
      </symbol>
      <symbol id="sm-3b6">
         <name>__TI_wrt_ok</name>
         <value>0x1560d</value>
         <object_component_ref idref="oc-33d"/>
      </symbol>
      <symbol id="sm-3cd">
         <name>__TI_printfi_minimal</name>
         <value>0x13239</value>
         <object_component_ref idref="oc-302"/>
      </symbol>
      <symbol id="sm-3da">
         <name>fseek</name>
         <value>0x16859</value>
         <object_component_ref idref="oc-38e"/>
      </symbol>
      <symbol id="sm-3db">
         <name>fseeko</name>
         <value>0x154cd</value>
         <object_component_ref idref="oc-3b1"/>
      </symbol>
      <symbol id="sm-3e6">
         <name>memccpy</name>
         <value>0x162a5</value>
         <object_component_ref idref="oc-318"/>
      </symbol>
      <symbol id="sm-408">
         <name>_ZNSt3__112basic_stringIcNS_11char_traitsIcEENS_9allocatorIcEEE21__grow_by_and_replaceEjjjjjjPKc</name>
         <value>0x14775</value>
         <object_component_ref idref="oc-2d2"/>
      </symbol>
      <symbol id="sm-409">
         <name>_ZNKSt3__112basic_stringIcNS_11char_traitsIcEENS_9allocatorIcEEE20__throw_length_errorB8nn180100Ev</name>
         <value>0x16795</value>
         <object_component_ref idref="oc-271"/>
      </symbol>
      <symbol id="sm-40a">
         <name>_ZNSt3__120__throw_length_errorB8nn180100EPKc</name>
         <value>0x167a1</value>
         <object_component_ref idref="oc-2c1"/>
      </symbol>
      <symbol id="sm-40b">
         <name>_ZNSt3__112basic_stringIcNS_11char_traitsIcEENS_9allocatorIcEEEC2ERKS5_</name>
         <value>0x16307</value>
         <object_component_ref idref="oc-1aa"/>
      </symbol>
      <symbol id="sm-40c">
         <name>_ZNSt3__112basic_stringIcNS_11char_traitsIcEENS_9allocatorIcEEE25__init_copy_ctor_externalEPKcj</name>
         <value>0x15ced</value>
         <object_component_ref idref="oc-209"/>
      </symbol>
      <symbol id="sm-40d">
         <name>_ZNSt3__112basic_stringIcNS_11char_traitsIcEENS_9allocatorIcEEED2Ev</name>
         <value>0x16501</value>
         <object_component_ref idref="oc-11d"/>
      </symbol>
      <symbol id="sm-40e">
         <name>_ZNSt3__112basic_stringIcNS_11char_traitsIcEENS_9allocatorIcEEE17__assign_externalEPKcj</name>
         <value>0x155a5</value>
         <object_component_ref idref="oc-2b9"/>
      </symbol>
      <symbol id="sm-40f">
         <name>_ZNSt3__112basic_stringIcNS_11char_traitsIcEENS_9allocatorIcEEE6assignEPKc</name>
         <value>0x16821</value>
         <object_component_ref idref="oc-206"/>
      </symbol>
      <symbol id="sm-410">
         <name>_ZNSt3__112basic_stringIcNS_11char_traitsIcEENS_9allocatorIcEEE17__assign_externalEPKc</name>
         <value>0x16429</value>
         <object_component_ref idref="oc-26a"/>
      </symbol>
      <symbol id="sm-411">
         <name>_ZNSt3__112basic_stringIcNS_11char_traitsIcEENS_9allocatorIcEEED1Ev</name>
         <value>0x16501</value>
         <object_component_ref idref="oc-11d"/>
      </symbol>
      <symbol id="sm-412">
         <name>_ZNSt3__112basic_stringIcNS_11char_traitsIcEENS_9allocatorIcEEEC1ERKS5_</name>
         <value>0x16307</value>
         <object_component_ref idref="oc-1aa"/>
      </symbol>
      <symbol id="sm-41c">
         <name>_ZNSt3__122__libcpp_verbose_abortEPKcz</name>
         <value>0x16329</value>
         <object_component_ref idref="oc-2e1"/>
      </symbol>
      <symbol id="sm-42f">
         <name>_Znwj</name>
         <value>0x16551</value>
         <object_component_ref idref="oc-26c"/>
      </symbol>
      <symbol id="sm-430">
         <name>_Z22__throw_bad_alloc_shimv</name>
         <value>0x16729</value>
         <object_component_ref idref="oc-2bb"/>
      </symbol>
      <symbol id="sm-431">
         <name>_ZdlPv</name>
         <value>0x16829</value>
         <object_component_ref idref="oc-1ac"/>
      </symbol>
      <symbol id="sm-43c">
         <name>_ZSt15get_new_handlerv</name>
         <value>0x167ad</value>
         <object_component_ref idref="oc-2d3"/>
      </symbol>
      <symbol id="sm-445">
         <name>abort_message</name>
         <value>0x1687b</value>
         <object_component_ref idref="oc-2d9"/>
      </symbol>
      <symbol id="sm-44c">
         <name>__cxa_new_handler</name>
         <value>0x20200360</value>
         <object_component_ref idref="oc-2e8"/>
      </symbol>
      <symbol id="sm-46a">
         <name>vfprintf</name>
         <value>0x15979</value>
         <object_component_ref idref="oc-2ef"/>
      </symbol>
      <symbol id="sm-476">
         <name>fputc</name>
         <value>0x14cc9</value>
         <object_component_ref idref="oc-310"/>
      </symbol>
      <symbol id="sm-498">
         <name>strcmp</name>
         <value>0x14f21</value>
         <object_component_ref idref="oc-228"/>
      </symbol>
      <symbol id="sm-4a1">
         <name>HOSTexit</name>
         <value>0x1686f</value>
         <object_component_ref idref="oc-1c0"/>
      </symbol>
      <symbol id="sm-4a2">
         <name>C$$EXIT</name>
         <value>0x1686e</value>
         <object_component_ref idref="oc-1c0"/>
      </symbol>
      <symbol id="sm-4ac">
         <name>write</name>
         <value>0x16209</value>
         <object_component_ref idref="oc-2a2"/>
      </symbol>
      <symbol id="sm-4b1">
         <name>_device</name>
         <value>0x202001e0</value>
         <object_component_ref idref="oc-1ea"/>
      </symbol>
      <symbol id="sm-4b2">
         <name>_stream</name>
         <value>0x20200258</value>
         <object_component_ref idref="oc-29e"/>
      </symbol>
      <symbol id="sm-4bb">
         <name>remove</name>
         <value>0x16861</value>
         <object_component_ref idref="oc-25e"/>
      </symbol>
      <symbol id="sm-4c8">
         <name>open</name>
         <value>0x14b8d</value>
         <object_component_ref idref="oc-250"/>
      </symbol>
      <symbol id="sm-4d2">
         <name>lseek</name>
         <value>0x161b9</value>
         <object_component_ref idref="oc-3b6"/>
      </symbol>
      <symbol id="sm-4dc">
         <name>close</name>
         <value>0x158dd</value>
         <object_component_ref idref="oc-25a"/>
      </symbol>
      <symbol id="sm-4e8">
         <name>add_device</name>
         <value>0x14329</value>
         <object_component_ref idref="oc-166"/>
      </symbol>
      <symbol id="sm-4f2">
         <name>unlink</name>
         <value>0x16165</value>
         <object_component_ref idref="oc-2ab"/>
      </symbol>
      <symbol id="sm-4fc">
         <name>HOSTclose</name>
         <value>0x159c5</value>
         <object_component_ref idref="oc-232"/>
      </symbol>
      <symbol id="sm-506">
         <name>HOSTlseek</name>
         <value>0x15389</value>
         <object_component_ref idref="oc-23e"/>
      </symbol>
      <symbol id="sm-510">
         <name>HOSTopen</name>
         <value>0x156d5</value>
         <object_component_ref idref="oc-22e"/>
      </symbol>
      <symbol id="sm-511">
         <name>parmbuf</name>
         <value>0x202005cc</value>
         <object_component_ref idref="oc-285"/>
      </symbol>
      <symbol id="sm-51b">
         <name>HOSTread</name>
         <value>0x15735</value>
         <object_component_ref idref="oc-236"/>
      </symbol>
      <symbol id="sm-52c">
         <name>HOSTrename</name>
         <value>0x153f5</value>
         <object_component_ref idref="oc-246"/>
      </symbol>
      <symbol id="sm-536">
         <name>HOSTunlink</name>
         <value>0x15a0d</value>
         <object_component_ref idref="oc-242"/>
      </symbol>
      <symbol id="sm-540">
         <name>HOSTwrite</name>
         <value>0x1578d</value>
         <object_component_ref idref="oc-23a"/>
      </symbol>
      <symbol id="sm-54e">
         <name>C$$IO$$</name>
         <value>0x15f75</value>
         <object_component_ref idref="oc-27e"/>
      </symbol>
      <symbol id="sm-54f">
         <name>__TI_writemsg</name>
         <value>0x15f49</value>
         <object_component_ref idref="oc-27e"/>
      </symbol>
      <symbol id="sm-550">
         <name>__CIOBUF_</name>
         <value>0x20200384</value>
         <object_component_ref idref="oc-2c6"/>
      </symbol>
      <symbol id="sm-551">
         <name>__TI_readmsg</name>
         <value>0x15f15</value>
         <object_component_ref idref="oc-284"/>
      </symbol>
      <symbol id="sm-552">
         <name>_CIOBUF_</name>
         <value>0x20200384</value>
         <object_component_ref idref="oc-2c6"/>
      </symbol>
      <symbol id="sm-559">
         <name>__aeabi_memcpy</name>
         <value>0x16831</value>
         <object_component_ref idref="oc-53"/>
      </symbol>
      <symbol id="sm-55a">
         <name>__aeabi_memcpy4</name>
         <value>0x16831</value>
         <object_component_ref idref="oc-53"/>
      </symbol>
      <symbol id="sm-55b">
         <name>__aeabi_memcpy8</name>
         <value>0x16831</value>
         <object_component_ref idref="oc-53"/>
      </symbol>
      <symbol id="sm-561">
         <name>__aeabi_memmove</name>
         <value>0x16839</value>
         <object_component_ref idref="oc-26d"/>
      </symbol>
      <symbol id="sm-562">
         <name>__aeabi_memmove4</name>
         <value>0x16839</value>
         <object_component_ref idref="oc-26d"/>
      </symbol>
      <symbol id="sm-563">
         <name>__aeabi_memmove8</name>
         <value>0x16839</value>
         <object_component_ref idref="oc-26d"/>
      </symbol>
      <symbol id="sm-56c">
         <name>__aeabi_memset</name>
         <value>0x166bd</value>
         <object_component_ref idref="oc-317"/>
      </symbol>
      <symbol id="sm-56d">
         <name>__aeabi_memset4</name>
         <value>0x166bd</value>
         <object_component_ref idref="oc-317"/>
      </symbol>
      <symbol id="sm-56e">
         <name>__aeabi_memset8</name>
         <value>0x166bd</value>
         <object_component_ref idref="oc-317"/>
      </symbol>
      <symbol id="sm-56f">
         <name>__aeabi_memclr</name>
         <value>0x167b9</value>
         <object_component_ref idref="oc-c6"/>
      </symbol>
      <symbol id="sm-570">
         <name>__aeabi_memclr4</name>
         <value>0x167b9</value>
         <object_component_ref idref="oc-c6"/>
      </symbol>
      <symbol id="sm-571">
         <name>__aeabi_memclr8</name>
         <value>0x167b9</value>
         <object_component_ref idref="oc-c6"/>
      </symbol>
      <symbol id="sm-577">
         <name>__aeabi_uidiv</name>
         <value>0x15c31</value>
         <object_component_ref idref="oc-1b5"/>
      </symbol>
      <symbol id="sm-578">
         <name>__aeabi_uidivmod</name>
         <value>0x15c31</value>
         <object_component_ref idref="oc-1b5"/>
      </symbol>
      <symbol id="sm-583">
         <name>__aeabi_idiv0</name>
         <value>0x14aeb</value>
         <object_component_ref idref="oc-20e"/>
      </symbol>
      <symbol id="sm-591">
         <name>finddevice</name>
         <value>0x15fb1</value>
         <object_component_ref idref="oc-1e3"/>
      </symbol>
      <symbol id="sm-592">
         <name>getdevice</name>
         <value>0x15539</value>
         <object_component_ref idref="oc-29c"/>
      </symbol>
      <symbol id="sm-59b">
         <name>TI_memcpy_small</name>
         <value>0x1659d</value>
         <object_component_ref idref="oc-f7"/>
      </symbol>
      <symbol id="sm-5a4">
         <name>TI_memset_small</name>
         <value>0x16703</value>
         <object_component_ref idref="oc-157"/>
      </symbol>
      <symbol id="sm-5ad">
         <name>memmove</name>
         <value>0x161e1</value>
         <object_component_ref idref="oc-2bc"/>
      </symbol>
      <symbol id="sm-5ae">
         <name>__TI_static_base__</name>
         <value>0x0</value>
      </symbol>
      <symbol id="sm-5b1">
         <name>__mpu_init</name>
         <value>0x0</value>
      </symbol>
      <symbol id="sm-5b2">
         <name>_system_post_cinit</name>
         <value>0x0</value>
      </symbol>
   </symbol_table>
   <title>Link successful</title>
</link_info>
